---
version: 1
interactions:
- request:
    body: '{"server":{"hostname":"uploud-go-sdk-integration-test-testcreatemodifydeleteserver.example.com","ip_addresses":{"ip_address":[{"access":"private","family":"IPv4"},{"access":"public","family":"IPv4"},{"access":"public","family":"IPv6"}]},"password_delivery":"none","storage_devices":{"storage_device":[{"action":"clone","storage":"01000000-0000-4000-8000-000030060200","title":"disk1","size":30,"tier":"maxiops"}]},"title":"uploud-go-sdk-integration-test-TestCreateModifyDeleteServer","zone":"fi-hel2"}}'
    form: {}
    headers:
      Accept:
      - application/json
      Content-Type:
      - application/json
    url: https://api.upcloud.com/1.2/server
    method: POST
  response:
    body: |
      {
         "server" : {
            "boot_order" : "disk",
            "core_number" : "1",
            "created" : 1596472326,
            "firewall" : "off",
            "hostname" : "uploud-go-sdk-integration-test-testcreatemodifydeleteserver.example.com",
            "ip_addresses" : {
               "ip_address" : [
                  {
                     "access" : "private",
                     "address" : "10.6.6.216",
                     "family" : "IPv4"
                  },
                  {
                     "access" : "public",
                     "address" : "2a04:3545:1000:720:ec1b:dbff:feca:56f1",
                     "family" : "IPv6"
                  },
                  {
                     "access" : "public",
                     "address" : "94.237.104.78",
                     "family" : "IPv4"
                  }
               ]
            },
            "license" : 0,
            "memory_amount" : "1024",
            "metadata" : "no",
            "nic_model" : "virtio",
            "password" : "36299d3e",
            "plan" : "custom",
            "plan_ipv4_bytes" : "0",
            "plan_ipv6_bytes" : "0",
            "progress" : "0",
            "state" : "maintenance",
            "storage_devices" : {
               "storage_device" : [
                  {
                     "address" : "virtio:0",
                     "boot_disk" : "0",
                     "storage" : "01a6b67c-751b-421a-b5db-7a067720d0e9",
                     "storage_size" : 30,
                     "storage_title" : "disk1",
                     "type" : "disk"
                  }
               ]
            },
            "tags" : {
               "tag" : []
            },
            "timezone" : "UTC",
            "title" : "uploud-go-sdk-integration-test-TestCreateModifyDeleteServer",
            "username" : "root",
            "uuid" : "00a93406-cadc-4be1-aade-c75b063f8322",
            "video_model" : "cirrus",
            "vnc" : "off",
            "vnc_password" : "9KVv7f7j",
            "zone" : "fi-hel2"
         }
      }
    headers:
      Content-Length:
      - "1732"
      Content-Type:
      - application/json; charset=UTF-8
      Date:
      - Mon, 03 Aug 2020 16:32:06 GMT
      Server:
      - Apache
      Strict-Transport-Security:
      - max-age=63072000
    status: 202 Accepted
    code: 202
    duration: ""
- request:
    body: ""
    form: {}
    headers:
      Accept:
      - application/json
      Content-Type:
      - application/json
    url: https://api.upcloud.com/1.2/server/00a93406-cadc-4be1-aade-c75b063f8322
    method: GET
  response:
    body: |
      {
         "server" : {
            "boot_order" : "disk",
            "core_number" : "1",
            "created" : 1596472326,
            "firewall" : "off",
            "hostname" : "uploud-go-sdk-integration-test-testcreatemodifydeleteserver.example.com",
            "ip_addresses" : {
               "ip_address" : [
                  {
                     "access" : "private",
                     "address" : "10.6.6.216",
                     "family" : "IPv4"
                  },
                  {
                     "access" : "public",
                     "address" : "2a04:3545:1000:720:ec1b:dbff:feca:56f1",
                     "family" : "IPv6"
                  },
                  {
                     "access" : "public",
                     "address" : "94.237.104.78",
                     "family" : "IPv4"
                  }
               ]
            },
            "license" : 0,
            "memory_amount" : "1024",
            "metadata" : "no",
            "nic_model" : "virtio",
            "plan" : "custom",
            "plan_ipv4_bytes" : "0",
            "plan_ipv6_bytes" : "0",
            "progress" : "85",
            "state" : "maintenance",
            "storage_devices" : {
               "storage_device" : [
                  {
                     "address" : "virtio:0",
                     "boot_disk" : "0",
                     "storage" : "01a6b67c-751b-421a-b5db-7a067720d0e9",
                     "storage_size" : 30,
                     "storage_title" : "disk1",
                     "type" : "disk"
                  }
               ]
            },
            "tags" : {
               "tag" : []
            },
            "timezone" : "UTC",
            "title" : "uploud-go-sdk-integration-test-TestCreateModifyDeleteServer",
            "uuid" : "00a93406-cadc-4be1-aade-c75b063f8322",
            "video_model" : "cirrus",
            "vnc" : "off",
            "vnc_password" : "9KVv7f7j",
            "zone" : "fi-hel2"
         }
      }
    headers:
      Content-Length:
      - "1675"
      Content-Type:
      - application/json; charset=UTF-8
      Date:
      - Mon, 03 Aug 2020 16:32:12 GMT
      Server:
      - Apache
      Strict-Transport-Security:
      - max-age=63072000
    status: 200 OK
    code: 200
    duration: ""
- request:
    body: ""
    form: {}
    headers:
      Accept:
      - application/json
      Content-Type:
      - application/json
    url: https://api.upcloud.com/1.2/server/00a93406-cadc-4be1-aade-c75b063f8322
    method: GET
  response:
    body: |
      {
         "server" : {
            "boot_order" : "disk",
            "core_number" : "1",
            "created" : 1596472326,
            "firewall" : "off",
            "hostname" : "uploud-go-sdk-integration-test-testcreatemodifydeleteserver.example.com",
            "ip_addresses" : {
               "ip_address" : [
                  {
                     "access" : "private",
                     "address" : "10.6.6.216",
                     "family" : "IPv4"
                  },
                  {
                     "access" : "public",
                     "address" : "2a04:3545:1000:720:ec1b:dbff:feca:56f1",
                     "family" : "IPv6"
                  },
                  {
                     "access" : "public",
                     "address" : "94.237.104.78",
                     "family" : "IPv4"
                  }
               ]
            },
            "license" : 0,
            "memory_amount" : "1024",
            "metadata" : "no",
            "nic_model" : "virtio",
            "plan" : "custom",
            "plan_ipv4_bytes" : "0",
            "plan_ipv6_bytes" : "0",
            "progress" : "95",
            "state" : "maintenance",
            "storage_devices" : {
               "storage_device" : [
                  {
                     "address" : "virtio:0",
                     "boot_disk" : "0",
                     "storage" : "01a6b67c-751b-421a-b5db-7a067720d0e9",
                     "storage_size" : 30,
                     "storage_title" : "disk1",
                     "type" : "disk"
                  }
               ]
            },
            "tags" : {
               "tag" : []
            },
            "timezone" : "UTC",
            "title" : "uploud-go-sdk-integration-test-TestCreateModifyDeleteServer",
            "uuid" : "00a93406-cadc-4be1-aade-c75b063f8322",
            "video_model" : "cirrus",
            "vnc" : "off",
            "vnc_password" : "9KVv7f7j",
            "zone" : "fi-hel2"
         }
      }
    headers:
      Content-Length:
      - "1675"
      Content-Type:
      - application/json; charset=UTF-8
      Date:
      - Mon, 03 Aug 2020 16:32:18 GMT
      Server:
      - Apache
      Strict-Transport-Security:
      - max-age=63072000
    status: 200 OK
    code: 200
    duration: ""
- request:
    body: ""
    form: {}
    headers:
      Accept:
      - application/json
      Content-Type:
      - application/json
    url: https://api.upcloud.com/1.2/server/00a93406-cadc-4be1-aade-c75b063f8322
    method: GET
  response:
    body: |
      {
         "server" : {
            "boot_order" : "disk",
            "core_number" : "1",
            "created" : 1596472326,
            "firewall" : "off",
            "hostname" : "uploud-go-sdk-integration-test-testcreatemodifydeleteserver.example.com",
            "ip_addresses" : {
               "ip_address" : [
                  {
                     "access" : "private",
                     "address" : "10.6.6.216",
                     "family" : "IPv4"
                  },
                  {
                     "access" : "public",
                     "address" : "2a04:3545:1000:720:ec1b:dbff:feca:56f1",
                     "family" : "IPv6"
                  },
                  {
                     "access" : "public",
                     "address" : "94.237.104.78",
                     "family" : "IPv4"
                  }
               ]
            },
            "license" : 0,
            "memory_amount" : "1024",
            "metadata" : "no",
            "nic_model" : "virtio",
            "plan" : "custom",
            "plan_ipv4_bytes" : "0",
            "plan_ipv6_bytes" : "0",
            "state" : "maintenance",
            "storage_devices" : {
               "storage_device" : [
                  {
                     "address" : "virtio:0",
                     "boot_disk" : "0",
                     "storage" : "01a6b67c-751b-421a-b5db-7a067720d0e9",
                     "storage_size" : 30,
                     "storage_title" : "disk1",
                     "type" : "disk"
                  }
               ]
            },
            "tags" : {
               "tag" : []
            },
            "timezone" : "UTC",
            "title" : "uploud-go-sdk-integration-test-TestCreateModifyDeleteServer",
            "uuid" : "00a93406-cadc-4be1-aade-c75b063f8322",
            "video_model" : "cirrus",
            "vnc" : "off",
            "vnc_password" : "9KVv7f7j",
            "zone" : "fi-hel2"
         }
      }
    headers:
      Content-Length:
      - "1650"
      Content-Type:
      - application/json; charset=UTF-8
      Date:
      - Mon, 03 Aug 2020 16:32:23 GMT
      Server:
      - Apache
      Strict-Transport-Security:
      - max-age=63072000
    status: 200 OK
    code: 200
    duration: ""
- request:
    body: ""
    form: {}
    headers:
      Accept:
      - application/json
      Content-Type:
      - application/json
    url: https://api.upcloud.com/1.2/server/00a93406-cadc-4be1-aade-c75b063f8322
    method: GET
  response:
    body: |
      {
         "server" : {
            "boot_order" : "disk",
            "core_number" : "1",
            "created" : 1596472326,
            "firewall" : "off",
            "hostname" : "uploud-go-sdk-integration-test-testcreatemodifydeleteserver.example.com",
            "ip_addresses" : {
               "ip_address" : [
                  {
                     "access" : "private",
                     "address" : "10.6.6.216",
                     "family" : "IPv4"
                  },
                  {
                     "access" : "public",
                     "address" : "2a04:3545:1000:720:ec1b:dbff:feca:56f1",
                     "family" : "IPv6"
                  },
                  {
                     "access" : "public",
                     "address" : "94.237.104.78",
                     "family" : "IPv4"
                  }
               ]
            },
            "license" : 0,
            "memory_amount" : "1024",
            "metadata" : "no",
            "nic_model" : "virtio",
            "plan" : "custom",
            "plan_ipv4_bytes" : "0",
            "plan_ipv6_bytes" : "0",
            "state" : "maintenance",
            "storage_devices" : {
               "storage_device" : [
                  {
                     "address" : "virtio:0",
                     "boot_disk" : "0",
                     "storage" : "01a6b67c-751b-421a-b5db-7a067720d0e9",
                     "storage_size" : 30,
                     "storage_title" : "disk1",
                     "type" : "disk"
                  }
               ]
            },
            "tags" : {
               "tag" : []
            },
            "timezone" : "UTC",
            "title" : "uploud-go-sdk-integration-test-TestCreateModifyDeleteServer",
            "uuid" : "00a93406-cadc-4be1-aade-c75b063f8322",
            "video_model" : "cirrus",
            "vnc" : "off",
            "vnc_password" : "9KVv7f7j",
            "zone" : "fi-hel2"
         }
      }
    headers:
      Content-Length:
      - "1650"
      Content-Type:
      - application/json; charset=UTF-8
      Date:
      - Mon, 03 Aug 2020 16:32:28 GMT
      Server:
      - Apache
      Strict-Transport-Security:
      - max-age=63072000
    status: 200 OK
    code: 200
    duration: ""
- request:
    body: ""
    form: {}
    headers:
      Accept:
      - application/json
      Content-Type:
      - application/json
    url: https://api.upcloud.com/1.2/server/00a93406-cadc-4be1-aade-c75b063f8322
    method: GET
  response:
    body: |
      {
         "server" : {
            "boot_order" : "disk",
            "core_number" : "1",
            "created" : 1596472326,
            "firewall" : "off",
            "host" : 7617135235,
            "hostname" : "uploud-go-sdk-integration-test-testcreatemodifydeleteserver.example.com",
            "ip_addresses" : {
               "ip_address" : [
                  {
                     "access" : "private",
                     "address" : "10.6.6.216",
                     "family" : "IPv4"
                  },
                  {
                     "access" : "public",
                     "address" : "2a04:3545:1000:720:ec1b:dbff:feca:56f1",
                     "family" : "IPv6"
                  },
                  {
                     "access" : "public",
                     "address" : "94.237.104.78",
                     "family" : "IPv4"
                  }
               ]
            },
            "license" : 0,
            "memory_amount" : "1024",
            "metadata" : "no",
            "nic_model" : "virtio",
            "plan" : "custom",
            "plan_ipv4_bytes" : "0",
            "plan_ipv6_bytes" : "0",
            "state" : "started",
            "storage_devices" : {
               "storage_device" : [
                  {
                     "address" : "virtio:0",
                     "boot_disk" : "0",
                     "storage" : "01a6b67c-751b-421a-b5db-7a067720d0e9",
                     "storage_size" : 30,
                     "storage_title" : "disk1",
                     "type" : "disk"
                  }
               ]
            },
            "tags" : {
               "tag" : []
            },
            "timezone" : "UTC",
            "title" : "uploud-go-sdk-integration-test-TestCreateModifyDeleteServer",
            "uuid" : "00a93406-cadc-4be1-aade-c75b063f8322",
            "video_model" : "cirrus",
            "vnc" : "off",
            "vnc_password" : "9KVv7f7j",
            "zone" : "fi-hel2"
         }
      }
    headers:
      Content-Length:
      - "1673"
      Content-Type:
      - application/json; charset=UTF-8
      Date:
      - Mon, 03 Aug 2020 16:32:33 GMT
      Server:
      - Apache
      Strict-Transport-Security:
      - max-age=63072000
    status: 200 OK
    code: 200
    duration: ""
- request:
    body: '{"server":{"title":"Modified server"}}'
    form: {}
    headers:
      Accept:
      - application/json
      Content-Type:
      - application/json
    url: https://api.upcloud.com/1.2/server/00a93406-cadc-4be1-aade-c75b063f8322
    method: PUT
  response:
    body: |
      {
         "server" : {
            "boot_order" : "disk",
            "core_number" : "1",
            "created" : 1596472326,
            "firewall" : "off",
            "host" : 7617135235,
            "hostname" : "uploud-go-sdk-integration-test-testcreatemodifydeleteserver.example.com",
            "ip_addresses" : {
               "ip_address" : [
                  {
                     "access" : "private",
                     "address" : "10.6.6.216",
                     "family" : "IPv4"
                  },
                  {
                     "access" : "public",
                     "address" : "2a04:3545:1000:720:ec1b:dbff:feca:56f1",
                     "family" : "IPv6"
                  },
                  {
                     "access" : "public",
                     "address" : "94.237.104.78",
                     "family" : "IPv4"
                  }
               ]
            },
            "license" : 0,
            "memory_amount" : "1024",
            "metadata" : "no",
            "nic_model" : "virtio",
            "plan" : "custom",
            "plan_ipv4_bytes" : "0",
            "plan_ipv6_bytes" : "0",
            "state" : "started",
            "storage_devices" : {
               "storage_device" : [
                  {
                     "address" : "virtio:0",
                     "boot_disk" : "0",
                     "storage" : "01a6b67c-751b-421a-b5db-7a067720d0e9",
                     "storage_size" : 30,
                     "storage_title" : "disk1",
                     "type" : "disk"
                  }
               ]
            },
            "tags" : {
               "tag" : []
            },
            "timezone" : "UTC",
            "title" : "Modified server",
            "uuid" : "00a93406-cadc-4be1-aade-c75b063f8322",
            "video_model" : "cirrus",
            "vnc" : "off",
            "vnc_password" : "9KVv7f7j",
            "zone" : "fi-hel2"
         }
      }
    headers:
      Content-Length:
      - "1629"
      Content-Type:
      - application/json; charset=UTF-8
      Date:
      - Mon, 03 Aug 2020 16:32:33 GMT
      Server:
      - Apache
      Strict-Transport-Security:
      - max-age=63072000
    status: 202 Accepted
    code: 202
    duration: ""
- request:
    body: ""
    form: {}
    headers:
      Accept:
      - application/json
      Content-Type:
      - application/json
    url: https://api.upcloud.com/1.2/server/00a93406-cadc-4be1-aade-c75b063f8322
    method: GET
  response:
    body: |
      {
         "server" : {
            "boot_order" : "disk",
            "core_number" : "1",
            "created" : 1596472326,
            "firewall" : "off",
            "host" : 7617135235,
            "hostname" : "uploud-go-sdk-integration-test-testcreatemodifydeleteserver.example.com",
            "ip_addresses" : {
               "ip_address" : [
                  {
                     "access" : "private",
                     "address" : "10.6.6.216",
                     "family" : "IPv4"
                  },
                  {
                     "access" : "public",
                     "address" : "2a04:3545:1000:720:ec1b:dbff:feca:56f1",
                     "family" : "IPv6"
                  },
                  {
                     "access" : "public",
                     "address" : "94.237.104.78",
                     "family" : "IPv4"
                  }
               ]
            },
            "license" : 0,
            "memory_amount" : "1024",
            "metadata" : "no",
            "nic_model" : "virtio",
            "plan" : "custom",
            "plan_ipv4_bytes" : "0",
            "plan_ipv6_bytes" : "0",
            "state" : "started",
            "storage_devices" : {
               "storage_device" : [
                  {
                     "address" : "virtio:0",
                     "boot_disk" : "0",
                     "storage" : "01a6b67c-751b-421a-b5db-7a067720d0e9",
                     "storage_size" : 30,
                     "storage_title" : "disk1",
                     "type" : "disk"
                  }
               ]
            },
            "tags" : {
               "tag" : []
            },
            "timezone" : "UTC",
            "title" : "Modified server",
            "uuid" : "00a93406-cadc-4be1-aade-c75b063f8322",
            "video_model" : "cirrus",
            "vnc" : "off",
            "vnc_password" : "9KVv7f7j",
            "zone" : "fi-hel2"
         }
      }
    headers:
      Content-Length:
      - "1629"
      Content-Type:
      - application/json; charset=UTF-8
      Date:
      - Mon, 03 Aug 2020 16:32:39 GMT
      Server:
      - Apache
      Strict-Transport-Security:
      - max-age=63072000
    status: 200 OK
    code: 200
    duration: ""
- request:
    body: '{"stop_server":{"stop_type":"hard","timeout":"900"}}'
    form: {}
    headers:
      Accept:
      - application/json
      Content-Type:
      - application/json
    url: https://api.upcloud.com/1.2/server/00a93406-cadc-4be1-aade-c75b063f8322/stop
    method: POST
  response:
    body: |
      {
         "server" : {
            "boot_order" : "disk",
            "core_number" : "1",
            "created" : 1596472326,
            "firewall" : "off",
            "host" : 7617135235,
            "hostname" : "uploud-go-sdk-integration-test-testcreatemodifydeleteserver.example.com",
            "ip_addresses" : {
               "ip_address" : [
                  {
                     "access" : "private",
                     "address" : "10.6.6.216",
                     "family" : "IPv4"
                  },
                  {
                     "access" : "public",
                     "address" : "2a04:3545:1000:720:ec1b:dbff:feca:56f1",
                     "family" : "IPv6"
                  },
                  {
                     "access" : "public",
                     "address" : "94.237.104.78",
                     "family" : "IPv4"
                  }
               ]
            },
            "license" : 0,
            "memory_amount" : "1024",
            "metadata" : "no",
            "nic_model" : "virtio",
            "plan" : "custom",
            "plan_ipv4_bytes" : "0",
            "plan_ipv6_bytes" : "0",
            "state" : "started",
            "storage_devices" : {
               "storage_device" : [
                  {
                     "address" : "virtio:0",
                     "boot_disk" : "0",
                     "storage" : "01a6b67c-751b-421a-b5db-7a067720d0e9",
                     "storage_size" : 30,
                     "storage_title" : "disk1",
                     "type" : "disk"
                  }
               ]
            },
            "tags" : {
               "tag" : []
            },
            "timezone" : "UTC",
            "title" : "Modified server",
            "uuid" : "00a93406-cadc-4be1-aade-c75b063f8322",
            "video_model" : "cirrus",
            "vnc" : "off",
            "vnc_password" : "9KVv7f7j",
            "zone" : "fi-hel2"
         }
      }
    headers:
      Content-Length:
      - "1629"
      Content-Type:
      - application/json; charset=UTF-8
      Date:
      - Mon, 03 Aug 2020 16:32:39 GMT
      Server:
      - Apache
      Strict-Transport-Security:
      - max-age=63072000
    status: 200 OK
    code: 200
    duration: ""
- request:
    body: ""
    form: {}
    headers:
      Accept:
      - application/json
      Content-Type:
      - application/json
    url: https://api.upcloud.com/1.2/server/00a93406-cadc-4be1-aade-c75b063f8322
    method: GET
  response:
    body: |
      {
         "server" : {
            "boot_order" : "disk",
            "core_number" : "1",
            "created" : 1596472326,
            "firewall" : "off",
            "hostname" : "uploud-go-sdk-integration-test-testcreatemodifydeleteserver.example.com",
            "ip_addresses" : {
               "ip_address" : [
                  {
                     "access" : "private",
                     "address" : "10.6.6.216",
                     "family" : "IPv4"
                  },
                  {
                     "access" : "public",
                     "address" : "2a04:3545:1000:720:ec1b:dbff:feca:56f1",
                     "family" : "IPv6"
                  },
                  {
                     "access" : "public",
                     "address" : "94.237.104.78",
                     "family" : "IPv4"
                  }
               ]
            },
            "license" : 0,
            "memory_amount" : "1024",
            "metadata" : "no",
            "nic_model" : "virtio",
            "plan" : "custom",
            "plan_ipv4_bytes" : "0",
            "plan_ipv6_bytes" : "0",
            "state" : "stopped",
            "storage_devices" : {
               "storage_device" : [
                  {
                     "address" : "virtio:0",
                     "boot_disk" : "0",
                     "storage" : "01a6b67c-751b-421a-b5db-7a067720d0e9",
                     "storage_size" : 30,
                     "storage_title" : "disk1",
                     "type" : "disk"
                  }
               ]
            },
            "tags" : {
               "tag" : []
            },
            "timezone" : "UTC",
            "title" : "Modified server",
            "uuid" : "00a93406-cadc-4be1-aade-c75b063f8322",
            "video_model" : "cirrus",
            "vnc" : "off",
            "vnc_password" : "9KVv7f7j",
            "zone" : "fi-hel2"
         }
      }
    headers:
      Content-Length:
      - "1602"
      Content-Type:
      - application/json; charset=UTF-8
      Date:
      - Mon, 03 Aug 2020 16:32:44 GMT
      Server:
      - Apache
      Strict-Transport-Security:
      - max-age=63072000
    status: 200 OK
    code: 200
    duration: ""
- request:
    body: ""
    form: {}
    headers:
      Accept:
      - application/json
      Content-Type:
      - application/json
    url: https://api.upcloud.com/1.2/server/00a93406-cadc-4be1-aade-c75b063f8322
    method: DELETE
  response:
    body: ""
    headers:
      Date:
      - Mon, 03 Aug 2020 16:32:44 GMT
      Server:
      - Apache
      Strict-Transport-Security:
      - max-age=63072000
    status: 204 No Content
    code: 204
    duration: ""
- request:
    body: ""
    form: {}
    headers:
      Accept:
      - application/xml
      Content-Type:
      - application/xml
    url: https://api.upcloud.com/1.2/storage/private
    method: GET
  response:
    body: |
      <?xml version="1.0" encoding="utf-8"?>
      <storages>
        <storage>
          <access>private</access>
          <license>0</license>
          <size>30</size>
          <state>online</state>
          <tier>maxiops</tier>
          <title>disk1</title>
          <type>normal</type>
          <uuid>012a4889-543f-4285-8584-64244199b2fd</uuid>
          <zone>fi-hel2</zone>
        </storage>
        <storage>
          <access>private</access>
          <license>0</license>
          <size>10</size>
          <state>online</state>
          <tier>maxiops</tier>
          <title>Test storage</title>
          <type>normal</type>
          <uuid>0150beca-bb37-42b2-abaf-60a07ce9965c</uuid>
          <zone>fi-hel2</zone>
        </storage>
        <storage>
          <access>private</access>
          <license>0</license>
          <size>30</size>
          <state>online</state>
          <tier>maxiops</tier>
          <title>Templatized storage</title>
          <type>template</type>
          <uuid>015a1bd1-181c-4fb4-ab89-49e648cf7c2f</uuid>
          <zone>fi-hel2</zone>
        </storage>
        <storage>
          <access>private</access>
          <license>0</license>
          <size>10</size>
          <state>online</state>
          <tier>maxiops</tier>
          <title>Test storage</title>
          <type>normal</type>
          <uuid>0165bff8-72ac-4352-95e9-e74ea9fc8e84</uuid>
          <zone>fi-hel2</zone>
        </storage>
        <storage>
          <access>private</access>
          <license>0</license>
          <size>10</size>
          <state>online</state>
          <tier>maxiops</tier>
          <title>Test storage</title>
          <type>normal</type>
          <uuid>016b922f-d9ca-45b5-b55a-7c1c77584867</uuid>
          <zone>fi-hel2</zone>
        </storage>
        <storage>
          <access>private</access>
          <license>0</license>
          <size>30</size>
          <state>online</state>
          <tier>maxiops</tier>
          <title>disk1</title>
          <type>normal</type>
          <uuid>016e6ccb-d516-45ba-918a-86f06b2bb57a</uuid>
          <zone>fi-hel2</zone>
        </storage>
        <storage>
          <access>private</access>
          <created>2020-08-03T15:54:30Z</created>
          <license>0</license>
          <origin>0165bff8-72ac-4352-95e9-e74ea9fc8e84</origin>
          <size>10</size>
          <state>online</state>
          <title>backup-1596470070000000000</title>
          <type>backup</type>
          <uuid>0177627a-4690-49c4-a7b9-1ea36983402f</uuid>
          <zone>fi-hel2</zone>
        </storage>
        <storage>
          <access>private</access>
          <license>0</license>
          <size>30</size>
          <state>online</state>
          <tier>maxiops</tier>
          <title>disk1</title>
          <type>normal</type>
          <uuid>0177cb07-cfd6-45dd-b34a-00d422fe4b90</uuid>
          <zone>fi-hel2</zone>
        </storage>
        <storage>
          <access>private</access>
          <license>0</license>
          <size>30</size>
          <state>online</state>
          <tier>maxiops</tier>
          <title>disk1</title>
          <type>normal</type>
          <uuid>018195ad-4b52-4c37-a754-ac80541ac4b0</uuid>
          <zone>fi-hel2</zone>
        </storage>
        <storage>
          <access>private</access>
          <license>0</license>
          <size>30</size>
          <state>online</state>
          <tier>maxiops</tier>
          <title>disk1</title>
          <type>normal</type>
          <uuid>01a6b67c-751b-421a-b5db-7a067720d0e9</uuid>
          <zone>fi-hel2</zone>
        </storage>
        <storage>
          <access>private</access>
          <license>0</license>
          <size>30</size>
          <state>online</state>
          <tier>maxiops</tier>
          <title>disk1</title>
          <type>normal</type>
          <uuid>01a80a2e-1153-444c-ac51-396aaced04bd</uuid>
          <zone>fi-hel2</zone>
        </storage>
        <storage>
          <access>private</access>
          <license>0</license>
          <size>30</size>
          <state>online</state>
          <tier>maxiops</tier>
          <title>disk1</title>
          <type>normal</type>
          <uuid>01bbbb1c-94a7-4d2b-be6c-a1be204bdf53</uuid>
          <zone>fi-hel2</zone>
        </storage>
        <storage>
          <access>private</access>
          <license>0</license>
          <size>30</size>
          <state>online</state>
          <tier>maxiops</tier>
          <title>disk1</title>
          <type>normal</type>
          <uuid>01bcb7f1-b248-4189-9fc0-027646d3d161</uuid>
          <zone>fi-hel2</zone>
        </storage>
        <storage>
          <access>private</access>
          <license>0</license>
          <size>10</size>
          <state>online</state>
          <tier>maxiops</tier>
          <title>Cloned storage</title>
          <type>normal</type>
          <uuid>01cbcbe4-5f6b-4b0e-8196-bcb3a24620a7</uuid>
          <zone>fi-hel2</zone>
        </storage>
        <storage>
          <access>private</access>
          <license>0</license>
          <size>30</size>
          <state>online</state>
          <tier>maxiops</tier>
          <title>disk1</title>
          <type>normal</type>
          <uuid>01dc471a-3ed2-48c2-9734-8405418c3a42</uuid>
          <zone>fi-hel2</zone>
        </storage>
        <storage>
          <access>private</access>
          <license>0</license>
          <size>30</size>
          <state>online</state>
          <tier>maxiops</tier>
          <title>disk1</title>
          <type>normal</type>
          <uuid>01ebbaa8-569b-4c35-ad4f-a53ab7f34dbe</uuid>
          <zone>fi-hel2</zone>
        </storage>
        <storage>
          <access>private</access>
          <license>0</license>
          <size>30</size>
          <state>online</state>
          <tier>maxiops</tier>
          <title>disk1</title>
          <type>normal</type>
          <uuid>01ec6889-ae74-4212-bd10-853055df61be</uuid>
          <zone>fi-hel2</zone>
        </storage>
        <storage>
          <access>private</access>
          <license>0</license>
          <size>30</size>
          <state>online</state>
          <tier>maxiops</tier>
          <title>disk1</title>
          <type>normal</type>
          <uuid>01edfde3-96c5-4b04-9e71-204dbe1bc7a9</uuid>
          <zone>fi-hel2</zone>
        </storage>
        <storage>
          <access>private</access>
          <license>0</license>
          <size>30</size>
          <state>online</state>
          <tier>maxiops</tier>
          <title>disk1</title>
          <type>normal</type>
          <uuid>01f2948d-5702-4c4e-b03d-3e500ebfb622</uuid>
          <zone>fi-hel2</zone>
        </storage>
        <storage>
          <access>private</access>
          <license>0</license>
          <size>30</size>
          <state>online</state>
          <tier>maxiops</tier>
          <title>disk1</title>
          <type>normal</type>
          <uuid>01f61e1b-c29f-4984-9735-0819f4c9ac80</uuid>
          <zone>fi-hel2</zone>
        </storage>
      </storages>
    headers:
      Content-Length:
      - "5766"
      Content-Type:
      - application/xml; charset=UTF-8
      Date:
      - Mon, 03 Aug 2020 16:32:45 GMT
      Server:
      - Apache
      Strict-Transport-Security:
      - max-age=63072000
    status: 200 OK
    code: 200
    duration: ""
