---
version: 1
interactions:
- request:
    body: '{"server":{"hostname":"uploud-go-sdk-integration-test-testfirewallrules.example.com","ip_addresses":{"ip_address":[{"access":"private","family":"IPv4"},{"access":"public","family":"IPv4"},{"access":"public","family":"IPv6"}]},"password_delivery":"none","storage_devices":{"storage_device":[{"action":"clone","storage":"01000000-0000-4000-8000-000030060200","title":"disk1","size":30,"tier":"maxiops"}]},"title":"uploud-go-sdk-integration-test-TestFirewallRules","zone":"fi-hel2"}}'
    form: {}
    headers:
      Accept:
      - application/json
      Content-Type:
      - application/json
    url: https://api.upcloud.com/1.2/server
    method: POST
  response:
    body: |
      {
         "server" : {
            "boot_order" : "disk",
            "core_number" : "1",
            "created" : 1596618331,
            "firewall" : "off",
            "hostname" : "uploud-go-sdk-integration-test-testfirewallrules.example.com",
            "ip_addresses" : {
               "ip_address" : [
                  {
                     "access" : "private",
                     "address" : "10.6.6.209",
                     "family" : "IPv4"
                  },
                  {
                     "access" : "public",
                     "address" : "2a04:3545:1000:720:ec1b:dbff:feca:5fff",
                     "family" : "IPv6"
                  },
                  {
                     "access" : "public",
                     "address" : "94.237.104.71",
                     "family" : "IPv4"
                  }
               ]
            },
            "license" : 0,
            "memory_amount" : "1024",
            "metadata" : "no",
            "nic_model" : "virtio",
            "password" : "sfex6m9c",
            "plan" : "custom",
            "plan_ipv4_bytes" : "0",
            "plan_ipv6_bytes" : "0",
            "progress" : "0",
            "state" : "maintenance",
            "storage_devices" : {
               "storage_device" : [
                  {
                     "address" : "virtio:0",
                     "boot_disk" : "0",
                     "storage" : "012d7c52-20e2-43fc-8da9-8592ef6cb22f",
                     "storage_size" : 30,
                     "storage_title" : "disk1",
                     "type" : "disk"
                  }
               ]
            },
            "tags" : {
               "tag" : []
            },
            "timezone" : "UTC",
            "title" : "uploud-go-sdk-integration-test-TestFirewallRules",
            "username" : "root",
            "uuid" : "0099748f-df6e-490e-8c73-ac05103a0737",
            "video_model" : "cirrus",
            "vnc" : "off",
            "vnc_password" : "dTp3k43G",
            "zone" : "fi-hel2"
         }
      }
    headers:
      Content-Length:
      - "1710"
      Content-Type:
      - application/json; charset=UTF-8
      Date:
      - Wed, 05 Aug 2020 09:05:30 GMT
      Server:
      - Apache
      Strict-Transport-Security:
      - max-age=63072000
    status: 202 Accepted
    code: 202
    duration: ""
- request:
    body: ""
    form: {}
    headers:
      Accept:
      - application/json
      Content-Type:
      - application/json
    url: https://api.upcloud.com/1.2/server/0099748f-df6e-490e-8c73-ac05103a0737
    method: GET
  response:
    body: |
      {
         "server" : {
            "boot_order" : "disk",
            "core_number" : "1",
            "created" : 1596618331,
            "firewall" : "off",
            "hostname" : "uploud-go-sdk-integration-test-testfirewallrules.example.com",
            "ip_addresses" : {
               "ip_address" : [
                  {
                     "access" : "private",
                     "address" : "10.6.6.209",
                     "family" : "IPv4"
                  },
                  {
                     "access" : "public",
                     "address" : "2a04:3545:1000:720:ec1b:dbff:feca:5fff",
                     "family" : "IPv6"
                  },
                  {
                     "access" : "public",
                     "address" : "94.237.104.71",
                     "family" : "IPv4"
                  }
               ]
            },
            "license" : 0,
            "memory_amount" : "1024",
            "metadata" : "no",
            "nic_model" : "virtio",
            "plan" : "custom",
            "plan_ipv4_bytes" : "0",
            "plan_ipv6_bytes" : "0",
            "progress" : "85",
            "state" : "maintenance",
            "storage_devices" : {
               "storage_device" : [
                  {
                     "address" : "virtio:0",
                     "boot_disk" : "0",
                     "storage" : "012d7c52-20e2-43fc-8da9-8592ef6cb22f",
                     "storage_size" : 30,
                     "storage_title" : "disk1",
                     "type" : "disk"
                  }
               ]
            },
            "tags" : {
               "tag" : []
            },
            "timezone" : "UTC",
            "title" : "uploud-go-sdk-integration-test-TestFirewallRules",
            "uuid" : "0099748f-df6e-490e-8c73-ac05103a0737",
            "video_model" : "cirrus",
            "vnc" : "off",
            "vnc_password" : "dTp3k43G",
            "zone" : "fi-hel2"
         }
      }
    headers:
      Content-Length:
      - "1653"
      Content-Type:
      - application/json; charset=UTF-8
      Date:
      - Wed, 05 Aug 2020 09:05:36 GMT
      Server:
      - Apache
      Strict-Transport-Security:
      - max-age=63072000
    status: 200 OK
    code: 200
    duration: ""
- request:
    body: ""
    form: {}
    headers:
      Accept:
      - application/json
      Content-Type:
      - application/json
    url: https://api.upcloud.com/1.2/server/0099748f-df6e-490e-8c73-ac05103a0737
    method: GET
  response:
    body: |
      {
         "server" : {
            "boot_order" : "disk",
            "core_number" : "1",
            "created" : 1596618331,
            "firewall" : "off",
            "hostname" : "uploud-go-sdk-integration-test-testfirewallrules.example.com",
            "ip_addresses" : {
               "ip_address" : [
                  {
                     "access" : "private",
                     "address" : "10.6.6.209",
                     "family" : "IPv4"
                  },
                  {
                     "access" : "public",
                     "address" : "2a04:3545:1000:720:ec1b:dbff:feca:5fff",
                     "family" : "IPv6"
                  },
                  {
                     "access" : "public",
                     "address" : "94.237.104.71",
                     "family" : "IPv4"
                  }
               ]
            },
            "license" : 0,
            "memory_amount" : "1024",
            "metadata" : "no",
            "nic_model" : "virtio",
            "plan" : "custom",
            "plan_ipv4_bytes" : "0",
            "plan_ipv6_bytes" : "0",
            "state" : "maintenance",
            "storage_devices" : {
               "storage_device" : [
                  {
                     "address" : "virtio:0",
                     "boot_disk" : "0",
                     "storage" : "012d7c52-20e2-43fc-8da9-8592ef6cb22f",
                     "storage_size" : 30,
                     "storage_title" : "disk1",
                     "type" : "disk"
                  }
               ]
            },
            "tags" : {
               "tag" : []
            },
            "timezone" : "UTC",
            "title" : "uploud-go-sdk-integration-test-TestFirewallRules",
            "uuid" : "0099748f-df6e-490e-8c73-ac05103a0737",
            "video_model" : "cirrus",
            "vnc" : "off",
            "vnc_password" : "dTp3k43G",
            "zone" : "fi-hel2"
         }
      }
    headers:
      Content-Length:
      - "1628"
      Content-Type:
      - application/json; charset=UTF-8
      Date:
      - Wed, 05 Aug 2020 09:05:42 GMT
      Server:
      - Apache
      Strict-Transport-Security:
      - max-age=63072000
    status: 200 OK
    code: 200
    duration: ""
- request:
    body: ""
    form: {}
    headers:
      Accept:
      - application/json
      Content-Type:
      - application/json
    url: https://api.upcloud.com/1.2/server/0099748f-df6e-490e-8c73-ac05103a0737
    method: GET
  response:
    body: |
      {
         "server" : {
            "boot_order" : "disk",
            "core_number" : "1",
            "created" : 1596618331,
            "firewall" : "off",
            "hostname" : "uploud-go-sdk-integration-test-testfirewallrules.example.com",
            "ip_addresses" : {
               "ip_address" : [
                  {
                     "access" : "private",
                     "address" : "10.6.6.209",
                     "family" : "IPv4"
                  },
                  {
                     "access" : "public",
                     "address" : "2a04:3545:1000:720:ec1b:dbff:feca:5fff",
                     "family" : "IPv6"
                  },
                  {
                     "access" : "public",
                     "address" : "94.237.104.71",
                     "family" : "IPv4"
                  }
               ]
            },
            "license" : 0,
            "memory_amount" : "1024",
            "metadata" : "no",
            "nic_model" : "virtio",
            "plan" : "custom",
            "plan_ipv4_bytes" : "0",
            "plan_ipv6_bytes" : "0",
            "state" : "maintenance",
            "storage_devices" : {
               "storage_device" : [
                  {
                     "address" : "virtio:0",
                     "boot_disk" : "0",
                     "storage" : "012d7c52-20e2-43fc-8da9-8592ef6cb22f",
                     "storage_size" : 30,
                     "storage_title" : "disk1",
                     "type" : "disk"
                  }
               ]
            },
            "tags" : {
               "tag" : []
            },
            "timezone" : "UTC",
            "title" : "uploud-go-sdk-integration-test-TestFirewallRules",
            "uuid" : "0099748f-df6e-490e-8c73-ac05103a0737",
            "video_model" : "cirrus",
            "vnc" : "off",
            "vnc_password" : "dTp3k43G",
            "zone" : "fi-hel2"
         }
      }
    headers:
      Content-Length:
      - "1628"
      Content-Type:
      - application/json; charset=UTF-8
      Date:
      - Wed, 05 Aug 2020 09:05:47 GMT
      Server:
      - Apache
      Strict-Transport-Security:
      - max-age=63072000
    status: 200 OK
    code: 200
    duration: ""
- request:
    body: ""
    form: {}
    headers:
      Accept:
      - application/json
      Content-Type:
      - application/json
    url: https://api.upcloud.com/1.2/server/0099748f-df6e-490e-8c73-ac05103a0737
    method: GET
  response:
    body: |
      {
         "server" : {
            "boot_order" : "disk",
            "core_number" : "1",
            "created" : 1596618331,
            "firewall" : "off",
            "host" : 7617135235,
            "hostname" : "uploud-go-sdk-integration-test-testfirewallrules.example.com",
            "ip_addresses" : {
               "ip_address" : [
                  {
                     "access" : "private",
                     "address" : "10.6.6.209",
                     "family" : "IPv4"
                  },
                  {
                     "access" : "public",
                     "address" : "2a04:3545:1000:720:ec1b:dbff:feca:5fff",
                     "family" : "IPv6"
                  },
                  {
                     "access" : "public",
                     "address" : "94.237.104.71",
                     "family" : "IPv4"
                  }
               ]
            },
            "license" : 0,
            "memory_amount" : "1024",
            "metadata" : "no",
            "nic_model" : "virtio",
            "plan" : "custom",
            "plan_ipv4_bytes" : "0",
            "plan_ipv6_bytes" : "0",
            "state" : "started",
            "storage_devices" : {
               "storage_device" : [
                  {
                     "address" : "virtio:0",
                     "boot_disk" : "0",
                     "storage" : "012d7c52-20e2-43fc-8da9-8592ef6cb22f",
                     "storage_size" : 30,
                     "storage_title" : "disk1",
                     "type" : "disk"
                  }
               ]
            },
            "tags" : {
               "tag" : []
            },
            "timezone" : "UTC",
            "title" : "uploud-go-sdk-integration-test-TestFirewallRules",
            "uuid" : "0099748f-df6e-490e-8c73-ac05103a0737",
            "video_model" : "cirrus",
            "vnc" : "off",
            "vnc_password" : "dTp3k43G",
            "zone" : "fi-hel2"
         }
      }
    headers:
      Content-Length:
      - "1651"
      Content-Type:
      - application/json; charset=UTF-8
      Date:
      - Wed, 05 Aug 2020 09:05:52 GMT
      Server:
      - Apache
      Strict-Transport-Security:
      - max-age=63072000
    status: 200 OK
    code: 200
    duration: ""
- request:
    body: '{"firewall_rule":{"action":"accept","comment":"This is the comment","direction":"in","family":"IPv4","position":"1","protocol":"tcp"}}'
    form: {}
    headers:
      Accept:
      - application/json
      Content-Type:
      - application/json
    url: https://api.upcloud.com/1.3/server/0099748f-df6e-490e-8c73-ac05103a0737/firewall_rule
    method: POST
  response:
    body: |
      {
         "firewall_rule" : {
            "action" : "accept",
            "comment" : "This is the comment",
            "destination_address_end" : "",
            "destination_address_start" : "",
            "destination_port_end" : "",
            "destination_port_start" : "",
            "direction" : "in",
            "family" : "IPv4",
            "icmp_type" : "",
            "position" : "1",
            "protocol" : "tcp",
            "source_address_end" : "",
            "source_address_start" : "",
            "source_port_end" : "",
            "source_port_start" : ""
         }
      }
    headers:
      Content-Length:
      - "504"
      Content-Type:
      - application/json; charset=UTF-8
      Date:
      - Wed, 05 Aug 2020 09:05:52 GMT
      Server:
      - Apache
      Strict-Transport-Security:
      - max-age=63072000
    status: 201 Created
    code: 201
    duration: ""
- request:
    body: ""
    form: {}
    headers:
      Accept:
      - application/json
      Content-Type:
      - application/json
    url: https://api.upcloud.com/1.3/server/0099748f-df6e-490e-8c73-ac05103a0737/firewall_rule
    method: GET
  response:
    body: |
      {
         "firewall_rules" : {
            "firewall_rule" : [
               {
                  "action" : "accept",
                  "comment" : "This is the comment",
                  "destination_address_end" : "",
                  "destination_address_start" : "",
                  "destination_port_end" : "",
                  "destination_port_start" : "",
                  "direction" : "in",
                  "family" : "IPv4",
                  "icmp_type" : "",
                  "position" : "1",
                  "protocol" : "tcp",
                  "source_address_end" : "",
                  "source_address_start" : "",
                  "source_port_end" : "",
                  "source_port_start" : ""
               }
            ]
         }
      }
    headers:
      Content-Length:
      - "651"
      Content-Type:
      - application/json; charset=UTF-8
      Date:
      - Wed, 05 Aug 2020 09:05:53 GMT
      Server:
      - Apache
      Strict-Transport-Security:
      - max-age=63072000
    status: 200 OK
    code: 200
    duration: ""
- request:
    body: ""
    form: {}
    headers:
      Accept:
      - application/json
      Content-Type:
      - application/json
    url: https://api.upcloud.com/1.3/server/0099748f-df6e-490e-8c73-ac05103a0737/firewall_rule/1
    method: GET
  response:
    body: |
      {
         "firewall_rule" : {
            "action" : "accept",
            "comment" : "This is the comment",
            "destination_address_end" : "",
            "destination_address_start" : "",
            "destination_port_end" : "",
            "destination_port_start" : "",
            "direction" : "in",
            "family" : "IPv4",
            "icmp_type" : "",
            "position" : "1",
            "protocol" : "tcp",
            "source_address_end" : "",
            "source_address_start" : "",
            "source_port_end" : "",
            "source_port_start" : ""
         }
      }
    headers:
      Content-Length:
      - "504"
      Content-Type:
      - application/json; charset=UTF-8
      Date:
      - Wed, 05 Aug 2020 09:05:53 GMT
      Server:
      - Apache
      Strict-Transport-Security:
      - max-age=63072000
    status: 200 OK
    code: 200
    duration: ""
- request:
    body: ""
    form: {}
    headers:
      Accept:
      - application/json
      Content-Type:
      - application/json
    url: https://api.upcloud.com/1.3/server/0099748f-df6e-490e-8c73-ac05103a0737/firewall_rule/1
    method: DELETE
  response:
    body: ""
    headers:
      Date:
      - Wed, 05 Aug 2020 09:05:53 GMT
      Server:
      - Apache
      Strict-Transport-Security:
      - max-age=63072000
    status: 204 No Content
    code: 204
    duration: ""
