---
version: 1
interactions:
- request:
    body: '{"server":{"hostname":"uploud-go-sdk-integration-test-testgetservernetworks.example.com","metadata":"no","networking":{"interfaces":{"interface":[{"ip_addresses":{"ip_address":[{"family":"IPv4"}]},"type":"utility"},{"ip_addresses":{"ip_address":[{"family":"IPv4"}]},"type":"public"},{"ip_addresses":{"ip_address":[{"family":"IPv6"}]},"type":"public"}]}},"password_delivery":"none","storage_devices":{"storage_device":[{"action":"clone","storage":"01000000-0000-4000-8000-000030060200","title":"disk1","size":30,"tier":"maxiops"}]},"title":"uploud-go-sdk-integration-test-TestGetServerNetworks","remote_access_enabled":"no","zone":"fi-hel2"}}'
    form: {}
    headers:
      Accept:
      - application/json
      Content-Type:
      - application/json
    url: https://api.upcloud.com/1.3/server
    method: POST
  response:
    body: |
      {
         "server" : {
            "boot_order" : "disk",
            "core_number" : "1",
            "created" : 1596727230,
            "firewall" : "off",
            "hostname" : "uploud-go-sdk-integration-test-testgetservernetworks.example.com",
            "ip_addresses" : {
               "ip_address" : [
                  {
                     "access" : "utility",
                     "address" : "10.6.0.230",
                     "family" : "IPv4"
                  },
                  {
                     "access" : "public",
                     "address" : "2a04:3545:1000:720:ec1b:dbff:feca:3032",
                     "family" : "IPv6"
                  },
                  {
                     "access" : "public",
                     "address" : "94.237.104.24",
                     "family" : "IPv4"
                  }
               ]
            },
            "license" : 0,
            "memory_amount" : "1024",
            "metadata" : "no",
            "networking" : {
               "interfaces" : {
                  "interface" : [
                     {
                        "bootable" : "no",
                        "index" : 1,
                        "ip_addresses" : {
                           "ip_address" : [
                              {
                                 "address" : "10.6.0.230",
                                 "family" : "IPv4",
                                 "floating" : "no"
                              }
                           ]
                        },
                        "mac" : "ee:1b:db:ca:c3:7d",
                        "network" : "03baf748-c757-4317-90b4-da92f7f94743",
                        "source_ip_filtering" : "yes",
                        "type" : "utility"
                     },
                     {
                        "bootable" : "no",
                        "index" : 2,
                        "ip_addresses" : {
                           "ip_address" : [
                              {
                                 "address" : "94.237.104.24",
                                 "family" : "IPv4",
                                 "floating" : "no"
                              }
                           ]
                        },
                        "mac" : "ee:1b:db:ca:3b:60",
                        "network" : "031457f4-0f8c-483c-96f2-eccede02909c",
                        "source_ip_filtering" : "yes",
                        "type" : "public"
                     },
                     {
                        "bootable" : "no",
                        "index" : 3,
                        "ip_addresses" : {
                           "ip_address" : [
                              {
                                 "address" : "2a04:3545:1000:720:ec1b:dbff:feca:3032",
                                 "family" : "IPv6",
                                 "floating" : "no"
                              }
                           ]
                        },
                        "mac" : "ee:1b:db:ca:30:32",
                        "network" : "03000000-0000-4000-8046-000000000000",
                        "source_ip_filtering" : "yes",
                        "type" : "public"
                     }
                  ]
               }
            },
            "nic_model" : "virtio",
            "password" : "j932666j",
            "plan" : "custom",
            "plan_ipv4_bytes" : "0",
            "plan_ipv6_bytes" : "0",
            "progress" : "0",
            "remote_access_enabled" : "no",
            "remote_access_password" : "2N2trSmH",
            "remote_access_type" : "vnc",
            "simple_backup" : "no",
            "state" : "maintenance",
            "storage_devices" : {
               "storage_device" : [
                  {
                     "address" : "virtio:0",
                     "boot_disk" : "0",
                     "storage" : "016cb279-e18b-401f-8fd7-217cd3f5c173",
                     "storage_size" : 30,
                     "storage_title" : "disk1",
                     "type" : "disk"
                  }
               ]
            },
            "tags" : {
               "tag" : []
            },
            "timezone" : "UTC",
            "title" : "uploud-go-sdk-integration-test-TestGetServerNetworks",
            "username" : "root",
            "uuid" : "00ac7325-49d7-4563-b1ac-bd195e78969f",
            "video_model" : "cirrus",
            "zone" : "fi-hel2"
         }
      }
    headers:
      Content-Length:
      - "3813"
      Content-Type:
      - application/json; charset=UTF-8
      Date:
      - Thu, 06 Aug 2020 15:20:30 GMT
      Server:
      - Apache
      Strict-Transport-Security:
      - max-age=63072000
    status: 202 Accepted
    code: 202
    duration: ""
- request:
    body: ""
    form: {}
    headers:
      Accept:
      - application/json
      Content-Type:
      - application/json
    url: https://api.upcloud.com/1.3/server/00ac7325-49d7-4563-b1ac-bd195e78969f
    method: GET
  response:
    body: |
      {
         "server" : {
            "boot_order" : "disk",
            "core_number" : "1",
            "created" : 1596727230,
            "firewall" : "off",
            "hostname" : "uploud-go-sdk-integration-test-testgetservernetworks.example.com",
            "ip_addresses" : {
               "ip_address" : [
                  {
                     "access" : "utility",
                     "address" : "10.6.0.230",
                     "family" : "IPv4"
                  },
                  {
                     "access" : "public",
                     "address" : "2a04:3545:1000:720:ec1b:dbff:feca:3032",
                     "family" : "IPv6"
                  },
                  {
                     "access" : "public",
                     "address" : "94.237.104.24",
                     "family" : "IPv4"
                  }
               ]
            },
            "license" : 0,
            "memory_amount" : "1024",
            "metadata" : "no",
            "networking" : {
               "interfaces" : {
                  "interface" : [
                     {
                        "bootable" : "no",
                        "index" : 1,
                        "ip_addresses" : {
                           "ip_address" : [
                              {
                                 "address" : "10.6.0.230",
                                 "family" : "IPv4",
                                 "floating" : "no"
                              }
                           ]
                        },
                        "mac" : "ee:1b:db:ca:c3:7d",
                        "network" : "03baf748-c757-4317-90b4-da92f7f94743",
                        "source_ip_filtering" : "yes",
                        "type" : "utility"
                     },
                     {
                        "bootable" : "no",
                        "index" : 2,
                        "ip_addresses" : {
                           "ip_address" : [
                              {
                                 "address" : "94.237.104.24",
                                 "family" : "IPv4",
                                 "floating" : "no"
                              }
                           ]
                        },
                        "mac" : "ee:1b:db:ca:3b:60",
                        "network" : "031457f4-0f8c-483c-96f2-eccede02909c",
                        "source_ip_filtering" : "yes",
                        "type" : "public"
                     },
                     {
                        "bootable" : "no",
                        "index" : 3,
                        "ip_addresses" : {
                           "ip_address" : [
                              {
                                 "address" : "2a04:3545:1000:720:ec1b:dbff:feca:3032",
                                 "family" : "IPv6",
                                 "floating" : "no"
                              }
                           ]
                        },
                        "mac" : "ee:1b:db:ca:30:32",
                        "network" : "03000000-0000-4000-8046-000000000000",
                        "source_ip_filtering" : "yes",
                        "type" : "public"
                     }
                  ]
               }
            },
            "nic_model" : "virtio",
            "plan" : "custom",
            "plan_ipv4_bytes" : "0",
            "plan_ipv6_bytes" : "0",
            "progress" : "85",
            "remote_access_enabled" : "no",
            "remote_access_password" : "2N2trSmH",
            "remote_access_type" : "vnc",
            "simple_backup" : "no",
            "state" : "maintenance",
            "storage_devices" : {
               "storage_device" : [
                  {
                     "address" : "virtio:0",
                     "boot_disk" : "0",
                     "storage" : "016cb279-e18b-401f-8fd7-217cd3f5c173",
                     "storage_size" : 30,
                     "storage_title" : "disk1",
                     "type" : "disk"
                  }
               ]
            },
            "tags" : {
               "tag" : []
            },
            "timezone" : "UTC",
            "title" : "uploud-go-sdk-integration-test-TestGetServerNetworks",
            "uuid" : "00ac7325-49d7-4563-b1ac-bd195e78969f",
            "video_model" : "cirrus",
            "zone" : "fi-hel2"
         }
      }
    headers:
      Content-Length:
      - "3756"
      Content-Type:
      - application/json; charset=UTF-8
      Date:
      - Thu, 06 Aug 2020 15:20:36 GMT
      Server:
      - Apache
      Strict-Transport-Security:
      - max-age=63072000
    status: 200 OK
    code: 200
    duration: ""
- request:
    body: ""
    form: {}
    headers:
      Accept:
      - application/json
      Content-Type:
      - application/json
    url: https://api.upcloud.com/1.3/server/00ac7325-49d7-4563-b1ac-bd195e78969f
    method: GET
  response:
    body: |
      {
         "server" : {
            "boot_order" : "disk",
            "core_number" : "1",
            "created" : 1596727230,
            "firewall" : "off",
            "hostname" : "uploud-go-sdk-integration-test-testgetservernetworks.example.com",
            "ip_addresses" : {
               "ip_address" : [
                  {
                     "access" : "utility",
                     "address" : "10.6.0.230",
                     "family" : "IPv4"
                  },
                  {
                     "access" : "public",
                     "address" : "2a04:3545:1000:720:ec1b:dbff:feca:3032",
                     "family" : "IPv6"
                  },
                  {
                     "access" : "public",
                     "address" : "94.237.104.24",
                     "family" : "IPv4"
                  }
               ]
            },
            "license" : 0,
            "memory_amount" : "1024",
            "metadata" : "no",
            "networking" : {
               "interfaces" : {
                  "interface" : [
                     {
                        "bootable" : "no",
                        "index" : 1,
                        "ip_addresses" : {
                           "ip_address" : [
                              {
                                 "address" : "10.6.0.230",
                                 "family" : "IPv4",
                                 "floating" : "no"
                              }
                           ]
                        },
                        "mac" : "ee:1b:db:ca:c3:7d",
                        "network" : "03baf748-c757-4317-90b4-da92f7f94743",
                        "source_ip_filtering" : "yes",
                        "type" : "utility"
                     },
                     {
                        "bootable" : "no",
                        "index" : 2,
                        "ip_addresses" : {
                           "ip_address" : [
                              {
                                 "address" : "94.237.104.24",
                                 "family" : "IPv4",
                                 "floating" : "no"
                              }
                           ]
                        },
                        "mac" : "ee:1b:db:ca:3b:60",
                        "network" : "031457f4-0f8c-483c-96f2-eccede02909c",
                        "source_ip_filtering" : "yes",
                        "type" : "public"
                     },
                     {
                        "bootable" : "no",
                        "index" : 3,
                        "ip_addresses" : {
                           "ip_address" : [
                              {
                                 "address" : "2a04:3545:1000:720:ec1b:dbff:feca:3032",
                                 "family" : "IPv6",
                                 "floating" : "no"
                              }
                           ]
                        },
                        "mac" : "ee:1b:db:ca:30:32",
                        "network" : "03000000-0000-4000-8046-000000000000",
                        "source_ip_filtering" : "yes",
                        "type" : "public"
                     }
                  ]
               }
            },
            "nic_model" : "virtio",
            "plan" : "custom",
            "plan_ipv4_bytes" : "0",
            "plan_ipv6_bytes" : "0",
            "progress" : "95",
            "remote_access_enabled" : "no",
            "remote_access_password" : "2N2trSmH",
            "remote_access_type" : "vnc",
            "simple_backup" : "no",
            "state" : "maintenance",
            "storage_devices" : {
               "storage_device" : [
                  {
                     "address" : "virtio:0",
                     "boot_disk" : "0",
                     "storage" : "016cb279-e18b-401f-8fd7-217cd3f5c173",
                     "storage_size" : 30,
                     "storage_title" : "disk1",
                     "type" : "disk"
                  }
               ]
            },
            "tags" : {
               "tag" : []
            },
            "timezone" : "UTC",
            "title" : "uploud-go-sdk-integration-test-TestGetServerNetworks",
            "uuid" : "00ac7325-49d7-4563-b1ac-bd195e78969f",
            "video_model" : "cirrus",
            "zone" : "fi-hel2"
         }
      }
    headers:
      Content-Length:
      - "3756"
      Content-Type:
      - application/json; charset=UTF-8
      Date:
      - Thu, 06 Aug 2020 15:20:41 GMT
      Server:
      - Apache
      Strict-Transport-Security:
      - max-age=63072000
    status: 200 OK
    code: 200
    duration: ""
- request:
    body: ""
    form: {}
    headers:
      Accept:
      - application/json
      Content-Type:
      - application/json
    url: https://api.upcloud.com/1.3/server/00ac7325-49d7-4563-b1ac-bd195e78969f
    method: GET
  response:
    body: |
      {
         "server" : {
            "boot_order" : "disk",
            "core_number" : "1",
            "created" : 1596727230,
            "firewall" : "off",
            "hostname" : "uploud-go-sdk-integration-test-testgetservernetworks.example.com",
            "ip_addresses" : {
               "ip_address" : [
                  {
                     "access" : "utility",
                     "address" : "10.6.0.230",
                     "family" : "IPv4"
                  },
                  {
                     "access" : "public",
                     "address" : "2a04:3545:1000:720:ec1b:dbff:feca:3032",
                     "family" : "IPv6"
                  },
                  {
                     "access" : "public",
                     "address" : "94.237.104.24",
                     "family" : "IPv4"
                  }
               ]
            },
            "license" : 0,
            "memory_amount" : "1024",
            "metadata" : "no",
            "networking" : {
               "interfaces" : {
                  "interface" : [
                     {
                        "bootable" : "no",
                        "index" : 1,
                        "ip_addresses" : {
                           "ip_address" : [
                              {
                                 "address" : "10.6.0.230",
                                 "family" : "IPv4",
                                 "floating" : "no"
                              }
                           ]
                        },
                        "mac" : "ee:1b:db:ca:c3:7d",
                        "network" : "03baf748-c757-4317-90b4-da92f7f94743",
                        "source_ip_filtering" : "yes",
                        "type" : "utility"
                     },
                     {
                        "bootable" : "no",
                        "index" : 2,
                        "ip_addresses" : {
                           "ip_address" : [
                              {
                                 "address" : "94.237.104.24",
                                 "family" : "IPv4",
                                 "floating" : "no"
                              }
                           ]
                        },
                        "mac" : "ee:1b:db:ca:3b:60",
                        "network" : "031457f4-0f8c-483c-96f2-eccede02909c",
                        "source_ip_filtering" : "yes",
                        "type" : "public"
                     },
                     {
                        "bootable" : "no",
                        "index" : 3,
                        "ip_addresses" : {
                           "ip_address" : [
                              {
                                 "address" : "2a04:3545:1000:720:ec1b:dbff:feca:3032",
                                 "family" : "IPv6",
                                 "floating" : "no"
                              }
                           ]
                        },
                        "mac" : "ee:1b:db:ca:30:32",
                        "network" : "03000000-0000-4000-8046-000000000000",
                        "source_ip_filtering" : "yes",
                        "type" : "public"
                     }
                  ]
               }
            },
            "nic_model" : "virtio",
            "plan" : "custom",
            "plan_ipv4_bytes" : "0",
            "plan_ipv6_bytes" : "0",
            "remote_access_enabled" : "no",
            "remote_access_password" : "2N2trSmH",
            "remote_access_type" : "vnc",
            "simple_backup" : "no",
            "state" : "maintenance",
            "storage_devices" : {
               "storage_device" : [
                  {
                     "address" : "virtio:0",
                     "boot_disk" : "0",
                     "storage" : "016cb279-e18b-401f-8fd7-217cd3f5c173",
                     "storage_size" : 30,
                     "storage_title" : "disk1",
                     "type" : "disk"
                  }
               ]
            },
            "tags" : {
               "tag" : []
            },
            "timezone" : "UTC",
            "title" : "uploud-go-sdk-integration-test-TestGetServerNetworks",
            "uuid" : "00ac7325-49d7-4563-b1ac-bd195e78969f",
            "video_model" : "cirrus",
            "zone" : "fi-hel2"
         }
      }
    headers:
      Content-Length:
      - "3731"
      Content-Type:
      - application/json; charset=UTF-8
      Date:
      - Thu, 06 Aug 2020 15:20:46 GMT
      Server:
      - Apache
      Strict-Transport-Security:
      - max-age=63072000
    status: 200 OK
    code: 200
    duration: ""
- request:
    body: ""
    form: {}
    headers:
      Accept:
      - application/json
      Content-Type:
      - application/json
    url: https://api.upcloud.com/1.3/server/00ac7325-49d7-4563-b1ac-bd195e78969f
    method: GET
  response:
    body: |
      {
         "server" : {
            "boot_order" : "disk",
            "core_number" : "1",
            "created" : 1596727230,
            "firewall" : "off",
            "host" : 5201216131,
            "hostname" : "uploud-go-sdk-integration-test-testgetservernetworks.example.com",
            "ip_addresses" : {
               "ip_address" : [
                  {
                     "access" : "utility",
                     "address" : "10.6.0.230",
                     "family" : "IPv4"
                  },
                  {
                     "access" : "public",
                     "address" : "2a04:3545:1000:720:ec1b:dbff:feca:3032",
                     "family" : "IPv6"
                  },
                  {
                     "access" : "public",
                     "address" : "94.237.104.24",
                     "family" : "IPv4"
                  }
               ]
            },
            "license" : 0,
            "memory_amount" : "1024",
            "metadata" : "no",
            "networking" : {
               "interfaces" : {
                  "interface" : [
                     {
                        "bootable" : "no",
                        "index" : 1,
                        "ip_addresses" : {
                           "ip_address" : [
                              {
                                 "address" : "10.6.0.230",
                                 "family" : "IPv4",
                                 "floating" : "no"
                              }
                           ]
                        },
                        "mac" : "ee:1b:db:ca:c3:7d",
                        "network" : "03baf748-c757-4317-90b4-da92f7f94743",
                        "source_ip_filtering" : "yes",
                        "type" : "utility"
                     },
                     {
                        "bootable" : "no",
                        "index" : 2,
                        "ip_addresses" : {
                           "ip_address" : [
                              {
                                 "address" : "94.237.104.24",
                                 "family" : "IPv4",
                                 "floating" : "no"
                              }
                           ]
                        },
                        "mac" : "ee:1b:db:ca:3b:60",
                        "network" : "031457f4-0f8c-483c-96f2-eccede02909c",
                        "source_ip_filtering" : "yes",
                        "type" : "public"
                     },
                     {
                        "bootable" : "no",
                        "index" : 3,
                        "ip_addresses" : {
                           "ip_address" : [
                              {
                                 "address" : "2a04:3545:1000:720:ec1b:dbff:feca:3032",
                                 "family" : "IPv6",
                                 "floating" : "no"
                              }
                           ]
                        },
                        "mac" : "ee:1b:db:ca:30:32",
                        "network" : "03000000-0000-4000-8046-000000000000",
                        "source_ip_filtering" : "yes",
                        "type" : "public"
                     }
                  ]
               }
            },
            "nic_model" : "virtio",
            "plan" : "custom",
            "plan_ipv4_bytes" : "0",
            "plan_ipv6_bytes" : "0",
            "remote_access_enabled" : "no",
            "remote_access_password" : "2N2trSmH",
            "remote_access_type" : "vnc",
            "simple_backup" : "no",
            "state" : "started",
            "storage_devices" : {
               "storage_device" : [
                  {
                     "address" : "virtio:0",
                     "boot_disk" : "0",
                     "storage" : "016cb279-e18b-401f-8fd7-217cd3f5c173",
                     "storage_size" : 30,
                     "storage_title" : "disk1",
                     "type" : "disk"
                  }
               ]
            },
            "tags" : {
               "tag" : []
            },
            "timezone" : "UTC",
            "title" : "uploud-go-sdk-integration-test-TestGetServerNetworks",
            "uuid" : "00ac7325-49d7-4563-b1ac-bd195e78969f",
            "video_model" : "cirrus",
            "zone" : "fi-hel2"
         }
      }
    headers:
      Content-Length:
      - "3754"
      Content-Type:
      - application/json; charset=UTF-8
      Date:
      - Thu, 06 Aug 2020 15:20:52 GMT
      Server:
      - Apache
      Strict-Transport-Security:
      - max-age=63072000
    status: 200 OK
    code: 200
    duration: ""
- request:
    body: ""
    form: {}
    headers:
      Accept:
      - application/json
      Content-Type:
      - application/json
    url: https://api.upcloud.com/1.3/server/00ac7325-49d7-4563-b1ac-bd195e78969f/networking
    method: GET
  response:
    body: |
      {
         "networking" : {
            "interfaces" : {
               "interface" : [
                  {
                     "bootable" : "no",
                     "index" : 1,
                     "ip_addresses" : {
                        "ip_address" : [
                           {
                              "address" : "10.6.0.230",
                              "family" : "IPv4",
                              "floating" : "no"
                           }
                        ]
                     },
                     "mac" : "ee:1b:db:ca:c3:7d",
                     "network" : "03baf748-c757-4317-90b4-da92f7f94743",
                     "source_ip_filtering" : "yes",
                     "type" : "utility"
                  },
                  {
                     "bootable" : "no",
                     "index" : 2,
                     "ip_addresses" : {
                        "ip_address" : [
                           {
                              "address" : "94.237.104.24",
                              "family" : "IPv4",
                              "floating" : "no"
                           }
                        ]
                     },
                     "mac" : "ee:1b:db:ca:3b:60",
                     "network" : "031457f4-0f8c-483c-96f2-eccede02909c",
                     "source_ip_filtering" : "yes",
                     "type" : "public"
                  },
                  {
                     "bootable" : "no",
                     "index" : 3,
                     "ip_addresses" : {
                        "ip_address" : [
                           {
                              "address" : "2a04:3545:1000:720:ec1b:dbff:feca:3032",
                              "family" : "IPv6",
                              "floating" : "no"
                           }
                        ]
                     },
                     "mac" : "ee:1b:db:ca:30:32",
                     "network" : "03000000-0000-4000-8046-000000000000",
                     "source_ip_filtering" : "yes",
                     "type" : "public"
                  }
               ]
            }
         }
      }
    headers:
      Content-Length:
      - "1834"
      Content-Type:
      - application/json; charset=UTF-8
      Date:
      - Thu, 06 Aug 2020 15:20:52 GMT
      Server:
      - Apache
      Strict-Transport-Security:
      - max-age=63072000
    status: 200 OK
    code: 200
    duration: ""
