---
version: 1
interactions:
- request:
    body: '{"server":{"hostname":"uploud-go-sdk-integration-test-testtemplatizeserverstorage.example.com","metadata":"no","networking":{"interfaces":{"interface":[{"ip_addresses":{"ip_address":[{"family":"IPv4"}]},"type":"utility"},{"ip_addresses":{"ip_address":[{"family":"IPv4"}]},"type":"public"},{"ip_addresses":{"ip_address":[{"family":"IPv6"}]},"type":"public"}]}},"password_delivery":"none","storage_devices":{"storage_device":[{"action":"clone","storage":"01000000-0000-4000-8000-000030060200","title":"disk1","size":30,"tier":"maxiops"}]},"title":"uploud-go-sdk-integration-test-TestTemplatizeServerStorage","remote_access_enabled":"no","zone":"fi-hel2"}}'
    form: {}
    headers:
      Accept:
      - application/json
      Content-Type:
      - application/json
    url: https://api.upcloud.com/1.3/server
    method: POST
  response:
    body: |
      {
         "server" : {
            "boot_order" : "disk",
            "core_number" : "1",
            "created" : 1596709344,
            "firewall" : "off",
            "hostname" : "uploud-go-sdk-integration-test-testtemplatizeserverstorage.example.com",
            "ip_addresses" : {
               "ip_address" : [
                  {
                     "access" : "utility",
                     "address" : "10.6.6.222",
                     "family" : "IPv4"
                  },
                  {
                     "access" : "public",
                     "address" : "2a04:3545:1000:720:ec1b:dbff:feca:7ad8",
                     "family" : "IPv6"
                  },
                  {
                     "access" : "public",
                     "address" : "94.237.104.96",
                     "family" : "IPv4"
                  }
               ]
            },
            "license" : 0,
            "memory_amount" : "1024",
            "metadata" : "no",
            "networking" : {
               "interfaces" : {
                  "interface" : [
                     {
                        "bootable" : "no",
                        "index" : 1,
                        "ip_addresses" : {
                           "ip_address" : [
                              {
                                 "address" : "10.6.6.222",
                                 "family" : "IPv4",
                                 "floating" : "no"
                              }
                           ]
                        },
                        "mac" : "ee:1b:db:ca:ef:aa",
                        "network" : "03a002de-994e-45aa-9e1c-9918f0908c57",
                        "source_ip_filtering" : "yes",
                        "type" : "utility"
                     },
                     {
                        "bootable" : "no",
                        "index" : 2,
                        "ip_addresses" : {
                           "ip_address" : [
                              {
                                 "address" : "94.237.104.96",
                                 "family" : "IPv4",
                                 "floating" : "no"
                              }
                           ]
                        },
                        "mac" : "ee:1b:db:ca:08:45",
                        "network" : "031457f4-0f8c-483c-96f2-eccede02909c",
                        "source_ip_filtering" : "yes",
                        "type" : "public"
                     },
                     {
                        "bootable" : "no",
                        "index" : 3,
                        "ip_addresses" : {
                           "ip_address" : [
                              {
                                 "address" : "2a04:3545:1000:720:ec1b:dbff:feca:7ad8",
                                 "family" : "IPv6",
                                 "floating" : "no"
                              }
                           ]
                        },
                        "mac" : "ee:1b:db:ca:7a:d8",
                        "network" : "03000000-0000-4000-8046-000000000000",
                        "source_ip_filtering" : "yes",
                        "type" : "public"
                     }
                  ]
               }
            },
            "nic_model" : "virtio",
            "password" : "38a9j862",
            "plan" : "custom",
            "plan_ipv4_bytes" : "0",
            "plan_ipv6_bytes" : "0",
            "progress" : "0",
            "remote_access_enabled" : "no",
            "remote_access_password" : "68Qft88T",
            "remote_access_type" : "vnc",
            "simple_backup" : "no",
            "state" : "maintenance",
            "storage_devices" : {
               "storage_device" : [
                  {
                     "address" : "virtio:0",
                     "boot_disk" : "0",
                     "storage" : "01da0c28-fcd2-4d61-af9d-2b51e72ca707",
                     "storage_size" : 30,
                     "storage_title" : "disk1",
                     "type" : "disk"
                  }
               ]
            },
            "tags" : {
               "tag" : []
            },
            "timezone" : "UTC",
            "title" : "uploud-go-sdk-integration-test-TestTemplatizeServerStorage",
            "username" : "root",
            "uuid" : "00349bdd-1583-4962-9f26-0e021e9a9019",
            "video_model" : "cirrus",
            "zone" : "fi-hel2"
         }
      }
    headers:
      Content-Length:
      - "3825"
      Content-Type:
      - application/json; charset=UTF-8
      Date:
      - Thu, 06 Aug 2020 10:22:24 GMT
      Server:
      - Apache
      Strict-Transport-Security:
      - max-age=63072000
    status: 202 Accepted
    code: 202
    duration: ""
- request:
    body: ""
    form: {}
    headers:
      Accept:
      - application/json
      Content-Type:
      - application/json
    url: https://api.upcloud.com/1.3/server/00349bdd-1583-4962-9f26-0e021e9a9019
    method: GET
  response:
    body: |
      {
         "server" : {
            "boot_order" : "disk",
            "core_number" : "1",
            "created" : 1596709344,
            "firewall" : "off",
            "hostname" : "uploud-go-sdk-integration-test-testtemplatizeserverstorage.example.com",
            "ip_addresses" : {
               "ip_address" : [
                  {
                     "access" : "utility",
                     "address" : "10.6.6.222",
                     "family" : "IPv4"
                  },
                  {
                     "access" : "public",
                     "address" : "2a04:3545:1000:720:ec1b:dbff:feca:7ad8",
                     "family" : "IPv6"
                  },
                  {
                     "access" : "public",
                     "address" : "94.237.104.96",
                     "family" : "IPv4"
                  }
               ]
            },
            "license" : 0,
            "memory_amount" : "1024",
            "metadata" : "no",
            "networking" : {
               "interfaces" : {
                  "interface" : [
                     {
                        "bootable" : "no",
                        "index" : 1,
                        "ip_addresses" : {
                           "ip_address" : [
                              {
                                 "address" : "10.6.6.222",
                                 "family" : "IPv4",
                                 "floating" : "no"
                              }
                           ]
                        },
                        "mac" : "ee:1b:db:ca:ef:aa",
                        "network" : "03a002de-994e-45aa-9e1c-9918f0908c57",
                        "source_ip_filtering" : "yes",
                        "type" : "utility"
                     },
                     {
                        "bootable" : "no",
                        "index" : 2,
                        "ip_addresses" : {
                           "ip_address" : [
                              {
                                 "address" : "94.237.104.96",
                                 "family" : "IPv4",
                                 "floating" : "no"
                              }
                           ]
                        },
                        "mac" : "ee:1b:db:ca:08:45",
                        "network" : "031457f4-0f8c-483c-96f2-eccede02909c",
                        "source_ip_filtering" : "yes",
                        "type" : "public"
                     },
                     {
                        "bootable" : "no",
                        "index" : 3,
                        "ip_addresses" : {
                           "ip_address" : [
                              {
                                 "address" : "2a04:3545:1000:720:ec1b:dbff:feca:7ad8",
                                 "family" : "IPv6",
                                 "floating" : "no"
                              }
                           ]
                        },
                        "mac" : "ee:1b:db:ca:7a:d8",
                        "network" : "03000000-0000-4000-8046-000000000000",
                        "source_ip_filtering" : "yes",
                        "type" : "public"
                     }
                  ]
               }
            },
            "nic_model" : "virtio",
            "plan" : "custom",
            "plan_ipv4_bytes" : "0",
            "plan_ipv6_bytes" : "0",
            "progress" : "85",
            "remote_access_enabled" : "no",
            "remote_access_password" : "68Qft88T",
            "remote_access_type" : "vnc",
            "simple_backup" : "no",
            "state" : "maintenance",
            "storage_devices" : {
               "storage_device" : [
                  {
                     "address" : "virtio:0",
                     "boot_disk" : "0",
                     "storage" : "01da0c28-fcd2-4d61-af9d-2b51e72ca707",
                     "storage_size" : 30,
                     "storage_title" : "disk1",
                     "type" : "disk"
                  }
               ]
            },
            "tags" : {
               "tag" : []
            },
            "timezone" : "UTC",
            "title" : "uploud-go-sdk-integration-test-TestTemplatizeServerStorage",
            "uuid" : "00349bdd-1583-4962-9f26-0e021e9a9019",
            "video_model" : "cirrus",
            "zone" : "fi-hel2"
         }
      }
    headers:
      Content-Length:
      - "3768"
      Content-Type:
      - application/json; charset=UTF-8
      Date:
      - Thu, 06 Aug 2020 10:22:31 GMT
      Server:
      - Apache
      Strict-Transport-Security:
      - max-age=63072000
    status: 200 OK
    code: 200
    duration: ""
- request:
    body: ""
    form: {}
    headers:
      Accept:
      - application/json
      Content-Type:
      - application/json
    url: https://api.upcloud.com/1.3/server/00349bdd-1583-4962-9f26-0e021e9a9019
    method: GET
  response:
    body: |
      {
         "server" : {
            "boot_order" : "disk",
            "core_number" : "1",
            "created" : 1596709344,
            "firewall" : "off",
            "hostname" : "uploud-go-sdk-integration-test-testtemplatizeserverstorage.example.com",
            "ip_addresses" : {
               "ip_address" : [
                  {
                     "access" : "utility",
                     "address" : "10.6.6.222",
                     "family" : "IPv4"
                  },
                  {
                     "access" : "public",
                     "address" : "2a04:3545:1000:720:ec1b:dbff:feca:7ad8",
                     "family" : "IPv6"
                  },
                  {
                     "access" : "public",
                     "address" : "94.237.104.96",
                     "family" : "IPv4"
                  }
               ]
            },
            "license" : 0,
            "memory_amount" : "1024",
            "metadata" : "no",
            "networking" : {
               "interfaces" : {
                  "interface" : [
                     {
                        "bootable" : "no",
                        "index" : 1,
                        "ip_addresses" : {
                           "ip_address" : [
                              {
                                 "address" : "10.6.6.222",
                                 "family" : "IPv4",
                                 "floating" : "no"
                              }
                           ]
                        },
                        "mac" : "ee:1b:db:ca:ef:aa",
                        "network" : "03a002de-994e-45aa-9e1c-9918f0908c57",
                        "source_ip_filtering" : "yes",
                        "type" : "utility"
                     },
                     {
                        "bootable" : "no",
                        "index" : 2,
                        "ip_addresses" : {
                           "ip_address" : [
                              {
                                 "address" : "94.237.104.96",
                                 "family" : "IPv4",
                                 "floating" : "no"
                              }
                           ]
                        },
                        "mac" : "ee:1b:db:ca:08:45",
                        "network" : "031457f4-0f8c-483c-96f2-eccede02909c",
                        "source_ip_filtering" : "yes",
                        "type" : "public"
                     },
                     {
                        "bootable" : "no",
                        "index" : 3,
                        "ip_addresses" : {
                           "ip_address" : [
                              {
                                 "address" : "2a04:3545:1000:720:ec1b:dbff:feca:7ad8",
                                 "family" : "IPv6",
                                 "floating" : "no"
                              }
                           ]
                        },
                        "mac" : "ee:1b:db:ca:7a:d8",
                        "network" : "03000000-0000-4000-8046-000000000000",
                        "source_ip_filtering" : "yes",
                        "type" : "public"
                     }
                  ]
               }
            },
            "nic_model" : "virtio",
            "plan" : "custom",
            "plan_ipv4_bytes" : "0",
            "plan_ipv6_bytes" : "0",
            "progress" : "85",
            "remote_access_enabled" : "no",
            "remote_access_password" : "68Qft88T",
            "remote_access_type" : "vnc",
            "simple_backup" : "no",
            "state" : "maintenance",
            "storage_devices" : {
               "storage_device" : [
                  {
                     "address" : "virtio:0",
                     "boot_disk" : "0",
                     "storage" : "01da0c28-fcd2-4d61-af9d-2b51e72ca707",
                     "storage_size" : 30,
                     "storage_title" : "disk1",
                     "type" : "disk"
                  }
               ]
            },
            "tags" : {
               "tag" : []
            },
            "timezone" : "UTC",
            "title" : "uploud-go-sdk-integration-test-TestTemplatizeServerStorage",
            "uuid" : "00349bdd-1583-4962-9f26-0e021e9a9019",
            "video_model" : "cirrus",
            "zone" : "fi-hel2"
         }
      }
    headers:
      Content-Length:
      - "3768"
      Content-Type:
      - application/json; charset=UTF-8
      Date:
      - Thu, 06 Aug 2020 10:22:36 GMT
      Server:
      - Apache
      Strict-Transport-Security:
      - max-age=63072000
    status: 200 OK
    code: 200
    duration: ""
- request:
    body: ""
    form: {}
    headers:
      Accept:
      - application/json
      Content-Type:
      - application/json
    url: https://api.upcloud.com/1.3/server/00349bdd-1583-4962-9f26-0e021e9a9019
    method: GET
  response:
    body: |
      {
         "server" : {
            "boot_order" : "disk",
            "core_number" : "1",
            "created" : 1596709344,
            "firewall" : "off",
            "hostname" : "uploud-go-sdk-integration-test-testtemplatizeserverstorage.example.com",
            "ip_addresses" : {
               "ip_address" : [
                  {
                     "access" : "utility",
                     "address" : "10.6.6.222",
                     "family" : "IPv4"
                  },
                  {
                     "access" : "public",
                     "address" : "2a04:3545:1000:720:ec1b:dbff:feca:7ad8",
                     "family" : "IPv6"
                  },
                  {
                     "access" : "public",
                     "address" : "94.237.104.96",
                     "family" : "IPv4"
                  }
               ]
            },
            "license" : 0,
            "memory_amount" : "1024",
            "metadata" : "no",
            "networking" : {
               "interfaces" : {
                  "interface" : [
                     {
                        "bootable" : "no",
                        "index" : 1,
                        "ip_addresses" : {
                           "ip_address" : [
                              {
                                 "address" : "10.6.6.222",
                                 "family" : "IPv4",
                                 "floating" : "no"
                              }
                           ]
                        },
                        "mac" : "ee:1b:db:ca:ef:aa",
                        "network" : "03a002de-994e-45aa-9e1c-9918f0908c57",
                        "source_ip_filtering" : "yes",
                        "type" : "utility"
                     },
                     {
                        "bootable" : "no",
                        "index" : 2,
                        "ip_addresses" : {
                           "ip_address" : [
                              {
                                 "address" : "94.237.104.96",
                                 "family" : "IPv4",
                                 "floating" : "no"
                              }
                           ]
                        },
                        "mac" : "ee:1b:db:ca:08:45",
                        "network" : "031457f4-0f8c-483c-96f2-eccede02909c",
                        "source_ip_filtering" : "yes",
                        "type" : "public"
                     },
                     {
                        "bootable" : "no",
                        "index" : 3,
                        "ip_addresses" : {
                           "ip_address" : [
                              {
                                 "address" : "2a04:3545:1000:720:ec1b:dbff:feca:7ad8",
                                 "family" : "IPv6",
                                 "floating" : "no"
                              }
                           ]
                        },
                        "mac" : "ee:1b:db:ca:7a:d8",
                        "network" : "03000000-0000-4000-8046-000000000000",
                        "source_ip_filtering" : "yes",
                        "type" : "public"
                     }
                  ]
               }
            },
            "nic_model" : "virtio",
            "plan" : "custom",
            "plan_ipv4_bytes" : "0",
            "plan_ipv6_bytes" : "0",
            "progress" : "95",
            "remote_access_enabled" : "no",
            "remote_access_password" : "68Qft88T",
            "remote_access_type" : "vnc",
            "simple_backup" : "no",
            "state" : "maintenance",
            "storage_devices" : {
               "storage_device" : [
                  {
                     "address" : "virtio:0",
                     "boot_disk" : "0",
                     "storage" : "01da0c28-fcd2-4d61-af9d-2b51e72ca707",
                     "storage_size" : 30,
                     "storage_title" : "disk1",
                     "type" : "disk"
                  }
               ]
            },
            "tags" : {
               "tag" : []
            },
            "timezone" : "UTC",
            "title" : "uploud-go-sdk-integration-test-TestTemplatizeServerStorage",
            "uuid" : "00349bdd-1583-4962-9f26-0e021e9a9019",
            "video_model" : "cirrus",
            "zone" : "fi-hel2"
         }
      }
    headers:
      Content-Length:
      - "3768"
      Content-Type:
      - application/json; charset=UTF-8
      Date:
      - Thu, 06 Aug 2020 10:22:41 GMT
      Server:
      - Apache
      Strict-Transport-Security:
      - max-age=63072000
    status: 200 OK
    code: 200
    duration: ""
- request:
    body: ""
    form: {}
    headers:
      Accept:
      - application/json
      Content-Type:
      - application/json
    url: https://api.upcloud.com/1.3/server/00349bdd-1583-4962-9f26-0e021e9a9019
    method: GET
  response:
    body: |
      {
         "server" : {
            "boot_order" : "disk",
            "core_number" : "1",
            "created" : 1596709344,
            "firewall" : "off",
            "hostname" : "uploud-go-sdk-integration-test-testtemplatizeserverstorage.example.com",
            "ip_addresses" : {
               "ip_address" : [
                  {
                     "access" : "utility",
                     "address" : "10.6.6.222",
                     "family" : "IPv4"
                  },
                  {
                     "access" : "public",
                     "address" : "2a04:3545:1000:720:ec1b:dbff:feca:7ad8",
                     "family" : "IPv6"
                  },
                  {
                     "access" : "public",
                     "address" : "94.237.104.96",
                     "family" : "IPv4"
                  }
               ]
            },
            "license" : 0,
            "memory_amount" : "1024",
            "metadata" : "no",
            "networking" : {
               "interfaces" : {
                  "interface" : [
                     {
                        "bootable" : "no",
                        "index" : 1,
                        "ip_addresses" : {
                           "ip_address" : [
                              {
                                 "address" : "10.6.6.222",
                                 "family" : "IPv4",
                                 "floating" : "no"
                              }
                           ]
                        },
                        "mac" : "ee:1b:db:ca:ef:aa",
                        "network" : "03a002de-994e-45aa-9e1c-9918f0908c57",
                        "source_ip_filtering" : "yes",
                        "type" : "utility"
                     },
                     {
                        "bootable" : "no",
                        "index" : 2,
                        "ip_addresses" : {
                           "ip_address" : [
                              {
                                 "address" : "94.237.104.96",
                                 "family" : "IPv4",
                                 "floating" : "no"
                              }
                           ]
                        },
                        "mac" : "ee:1b:db:ca:08:45",
                        "network" : "031457f4-0f8c-483c-96f2-eccede02909c",
                        "source_ip_filtering" : "yes",
                        "type" : "public"
                     },
                     {
                        "bootable" : "no",
                        "index" : 3,
                        "ip_addresses" : {
                           "ip_address" : [
                              {
                                 "address" : "2a04:3545:1000:720:ec1b:dbff:feca:7ad8",
                                 "family" : "IPv6",
                                 "floating" : "no"
                              }
                           ]
                        },
                        "mac" : "ee:1b:db:ca:7a:d8",
                        "network" : "03000000-0000-4000-8046-000000000000",
                        "source_ip_filtering" : "yes",
                        "type" : "public"
                     }
                  ]
               }
            },
            "nic_model" : "virtio",
            "plan" : "custom",
            "plan_ipv4_bytes" : "0",
            "plan_ipv6_bytes" : "0",
            "remote_access_enabled" : "no",
            "remote_access_password" : "68Qft88T",
            "remote_access_type" : "vnc",
            "simple_backup" : "no",
            "state" : "maintenance",
            "storage_devices" : {
               "storage_device" : [
                  {
                     "address" : "virtio:0",
                     "boot_disk" : "0",
                     "storage" : "01da0c28-fcd2-4d61-af9d-2b51e72ca707",
                     "storage_size" : 30,
                     "storage_title" : "disk1",
                     "type" : "disk"
                  }
               ]
            },
            "tags" : {
               "tag" : []
            },
            "timezone" : "UTC",
            "title" : "uploud-go-sdk-integration-test-TestTemplatizeServerStorage",
            "uuid" : "00349bdd-1583-4962-9f26-0e021e9a9019",
            "video_model" : "cirrus",
            "zone" : "fi-hel2"
         }
      }
    headers:
      Content-Length:
      - "3743"
      Content-Type:
      - application/json; charset=UTF-8
      Date:
      - Thu, 06 Aug 2020 10:22:46 GMT
      Server:
      - Apache
      Strict-Transport-Security:
      - max-age=63072000
    status: 200 OK
    code: 200
    duration: ""
- request:
    body: ""
    form: {}
    headers:
      Accept:
      - application/json
      Content-Type:
      - application/json
    url: https://api.upcloud.com/1.3/server/00349bdd-1583-4962-9f26-0e021e9a9019
    method: GET
  response:
    body: |
      {
         "server" : {
            "boot_order" : "disk",
            "core_number" : "1",
            "created" : 1596709344,
            "firewall" : "off",
            "hostname" : "uploud-go-sdk-integration-test-testtemplatizeserverstorage.example.com",
            "ip_addresses" : {
               "ip_address" : [
                  {
                     "access" : "utility",
                     "address" : "10.6.6.222",
                     "family" : "IPv4"
                  },
                  {
                     "access" : "public",
                     "address" : "2a04:3545:1000:720:ec1b:dbff:feca:7ad8",
                     "family" : "IPv6"
                  },
                  {
                     "access" : "public",
                     "address" : "94.237.104.96",
                     "family" : "IPv4"
                  }
               ]
            },
            "license" : 0,
            "memory_amount" : "1024",
            "metadata" : "no",
            "networking" : {
               "interfaces" : {
                  "interface" : [
                     {
                        "bootable" : "no",
                        "index" : 1,
                        "ip_addresses" : {
                           "ip_address" : [
                              {
                                 "address" : "10.6.6.222",
                                 "family" : "IPv4",
                                 "floating" : "no"
                              }
                           ]
                        },
                        "mac" : "ee:1b:db:ca:ef:aa",
                        "network" : "03a002de-994e-45aa-9e1c-9918f0908c57",
                        "source_ip_filtering" : "yes",
                        "type" : "utility"
                     },
                     {
                        "bootable" : "no",
                        "index" : 2,
                        "ip_addresses" : {
                           "ip_address" : [
                              {
                                 "address" : "94.237.104.96",
                                 "family" : "IPv4",
                                 "floating" : "no"
                              }
                           ]
                        },
                        "mac" : "ee:1b:db:ca:08:45",
                        "network" : "031457f4-0f8c-483c-96f2-eccede02909c",
                        "source_ip_filtering" : "yes",
                        "type" : "public"
                     },
                     {
                        "bootable" : "no",
                        "index" : 3,
                        "ip_addresses" : {
                           "ip_address" : [
                              {
                                 "address" : "2a04:3545:1000:720:ec1b:dbff:feca:7ad8",
                                 "family" : "IPv6",
                                 "floating" : "no"
                              }
                           ]
                        },
                        "mac" : "ee:1b:db:ca:7a:d8",
                        "network" : "03000000-0000-4000-8046-000000000000",
                        "source_ip_filtering" : "yes",
                        "type" : "public"
                     }
                  ]
               }
            },
            "nic_model" : "virtio",
            "plan" : "custom",
            "plan_ipv4_bytes" : "0",
            "plan_ipv6_bytes" : "0",
            "remote_access_enabled" : "no",
            "remote_access_password" : "68Qft88T",
            "remote_access_type" : "vnc",
            "simple_backup" : "no",
            "state" : "maintenance",
            "storage_devices" : {
               "storage_device" : [
                  {
                     "address" : "virtio:0",
                     "boot_disk" : "0",
                     "storage" : "01da0c28-fcd2-4d61-af9d-2b51e72ca707",
                     "storage_size" : 30,
                     "storage_title" : "disk1",
                     "type" : "disk"
                  }
               ]
            },
            "tags" : {
               "tag" : []
            },
            "timezone" : "UTC",
            "title" : "uploud-go-sdk-integration-test-TestTemplatizeServerStorage",
            "uuid" : "00349bdd-1583-4962-9f26-0e021e9a9019",
            "video_model" : "cirrus",
            "zone" : "fi-hel2"
         }
      }
    headers:
      Content-Length:
      - "3743"
      Content-Type:
      - application/json; charset=UTF-8
      Date:
      - Thu, 06 Aug 2020 10:22:52 GMT
      Server:
      - Apache
      Strict-Transport-Security:
      - max-age=63072000
    status: 200 OK
    code: 200
    duration: ""
- request:
    body: ""
    form: {}
    headers:
      Accept:
      - application/json
      Content-Type:
      - application/json
    url: https://api.upcloud.com/1.3/server/00349bdd-1583-4962-9f26-0e021e9a9019
    method: GET
  response:
    body: |
      {
         "server" : {
            "boot_order" : "disk",
            "core_number" : "1",
            "created" : 1596709344,
            "firewall" : "off",
            "hostname" : "uploud-go-sdk-integration-test-testtemplatizeserverstorage.example.com",
            "ip_addresses" : {
               "ip_address" : [
                  {
                     "access" : "utility",
                     "address" : "10.6.6.222",
                     "family" : "IPv4"
                  },
                  {
                     "access" : "public",
                     "address" : "2a04:3545:1000:720:ec1b:dbff:feca:7ad8",
                     "family" : "IPv6"
                  },
                  {
                     "access" : "public",
                     "address" : "94.237.104.96",
                     "family" : "IPv4"
                  }
               ]
            },
            "license" : 0,
            "memory_amount" : "1024",
            "metadata" : "no",
            "networking" : {
               "interfaces" : {
                  "interface" : [
                     {
                        "bootable" : "no",
                        "index" : 1,
                        "ip_addresses" : {
                           "ip_address" : [
                              {
                                 "address" : "10.6.6.222",
                                 "family" : "IPv4",
                                 "floating" : "no"
                              }
                           ]
                        },
                        "mac" : "ee:1b:db:ca:ef:aa",
                        "network" : "03a002de-994e-45aa-9e1c-9918f0908c57",
                        "source_ip_filtering" : "yes",
                        "type" : "utility"
                     },
                     {
                        "bootable" : "no",
                        "index" : 2,
                        "ip_addresses" : {
                           "ip_address" : [
                              {
                                 "address" : "94.237.104.96",
                                 "family" : "IPv4",
                                 "floating" : "no"
                              }
                           ]
                        },
                        "mac" : "ee:1b:db:ca:08:45",
                        "network" : "031457f4-0f8c-483c-96f2-eccede02909c",
                        "source_ip_filtering" : "yes",
                        "type" : "public"
                     },
                     {
                        "bootable" : "no",
                        "index" : 3,
                        "ip_addresses" : {
                           "ip_address" : [
                              {
                                 "address" : "2a04:3545:1000:720:ec1b:dbff:feca:7ad8",
                                 "family" : "IPv6",
                                 "floating" : "no"
                              }
                           ]
                        },
                        "mac" : "ee:1b:db:ca:7a:d8",
                        "network" : "03000000-0000-4000-8046-000000000000",
                        "source_ip_filtering" : "yes",
                        "type" : "public"
                     }
                  ]
               }
            },
            "nic_model" : "virtio",
            "plan" : "custom",
            "plan_ipv4_bytes" : "0",
            "plan_ipv6_bytes" : "0",
            "remote_access_enabled" : "no",
            "remote_access_password" : "68Qft88T",
            "remote_access_type" : "vnc",
            "simple_backup" : "no",
            "state" : "maintenance",
            "storage_devices" : {
               "storage_device" : [
                  {
                     "address" : "virtio:0",
                     "boot_disk" : "0",
                     "storage" : "01da0c28-fcd2-4d61-af9d-2b51e72ca707",
                     "storage_size" : 30,
                     "storage_title" : "disk1",
                     "type" : "disk"
                  }
               ]
            },
            "tags" : {
               "tag" : []
            },
            "timezone" : "UTC",
            "title" : "uploud-go-sdk-integration-test-TestTemplatizeServerStorage",
            "uuid" : "00349bdd-1583-4962-9f26-0e021e9a9019",
            "video_model" : "cirrus",
            "zone" : "fi-hel2"
         }
      }
    headers:
      Content-Length:
      - "3743"
      Content-Type:
      - application/json; charset=UTF-8
      Date:
      - Thu, 06 Aug 2020 10:22:57 GMT
      Server:
      - Apache
      Strict-Transport-Security:
      - max-age=63072000
    status: 200 OK
    code: 200
    duration: ""
- request:
    body: ""
    form: {}
    headers:
      Accept:
      - application/json
      Content-Type:
      - application/json
    url: https://api.upcloud.com/1.3/server/00349bdd-1583-4962-9f26-0e021e9a9019
    method: GET
  response:
    body: |
      {
         "server" : {
            "boot_order" : "disk",
            "core_number" : "1",
            "created" : 1596709344,
            "firewall" : "off",
            "host" : 5201216131,
            "hostname" : "uploud-go-sdk-integration-test-testtemplatizeserverstorage.example.com",
            "ip_addresses" : {
               "ip_address" : [
                  {
                     "access" : "utility",
                     "address" : "10.6.6.222",
                     "family" : "IPv4"
                  },
                  {
                     "access" : "public",
                     "address" : "2a04:3545:1000:720:ec1b:dbff:feca:7ad8",
                     "family" : "IPv6"
                  },
                  {
                     "access" : "public",
                     "address" : "94.237.104.96",
                     "family" : "IPv4"
                  }
               ]
            },
            "license" : 0,
            "memory_amount" : "1024",
            "metadata" : "no",
            "networking" : {
               "interfaces" : {
                  "interface" : [
                     {
                        "bootable" : "no",
                        "index" : 1,
                        "ip_addresses" : {
                           "ip_address" : [
                              {
                                 "address" : "10.6.6.222",
                                 "family" : "IPv4",
                                 "floating" : "no"
                              }
                           ]
                        },
                        "mac" : "ee:1b:db:ca:ef:aa",
                        "network" : "03a002de-994e-45aa-9e1c-9918f0908c57",
                        "source_ip_filtering" : "yes",
                        "type" : "utility"
                     },
                     {
                        "bootable" : "no",
                        "index" : 2,
                        "ip_addresses" : {
                           "ip_address" : [
                              {
                                 "address" : "94.237.104.96",
                                 "family" : "IPv4",
                                 "floating" : "no"
                              }
                           ]
                        },
                        "mac" : "ee:1b:db:ca:08:45",
                        "network" : "031457f4-0f8c-483c-96f2-eccede02909c",
                        "source_ip_filtering" : "yes",
                        "type" : "public"
                     },
                     {
                        "bootable" : "no",
                        "index" : 3,
                        "ip_addresses" : {
                           "ip_address" : [
                              {
                                 "address" : "2a04:3545:1000:720:ec1b:dbff:feca:7ad8",
                                 "family" : "IPv6",
                                 "floating" : "no"
                              }
                           ]
                        },
                        "mac" : "ee:1b:db:ca:7a:d8",
                        "network" : "03000000-0000-4000-8046-000000000000",
                        "source_ip_filtering" : "yes",
                        "type" : "public"
                     }
                  ]
               }
            },
            "nic_model" : "virtio",
            "plan" : "custom",
            "plan_ipv4_bytes" : "0",
            "plan_ipv6_bytes" : "0",
            "remote_access_enabled" : "no",
            "remote_access_password" : "68Qft88T",
            "remote_access_type" : "vnc",
            "simple_backup" : "no",
            "state" : "started",
            "storage_devices" : {
               "storage_device" : [
                  {
                     "address" : "virtio:0",
                     "boot_disk" : "0",
                     "storage" : "01da0c28-fcd2-4d61-af9d-2b51e72ca707",
                     "storage_size" : 30,
                     "storage_title" : "disk1",
                     "type" : "disk"
                  }
               ]
            },
            "tags" : {
               "tag" : []
            },
            "timezone" : "UTC",
            "title" : "uploud-go-sdk-integration-test-TestTemplatizeServerStorage",
            "uuid" : "00349bdd-1583-4962-9f26-0e021e9a9019",
            "video_model" : "cirrus",
            "zone" : "fi-hel2"
         }
      }
    headers:
      Content-Length:
      - "3766"
      Content-Type:
      - application/json; charset=UTF-8
      Date:
      - Thu, 06 Aug 2020 10:23:02 GMT
      Server:
      - Apache
      Strict-Transport-Security:
      - max-age=63072000
    status: 200 OK
    code: 200
    duration: ""
- request:
    body: '{"stop_server":{"stop_type":"hard","timeout":"900"}}'
    form: {}
    headers:
      Accept:
      - application/json
      Content-Type:
      - application/json
    url: https://api.upcloud.com/1.3/server/00349bdd-1583-4962-9f26-0e021e9a9019/stop
    method: POST
  response:
    body: |
      {
         "server" : {
            "boot_order" : "disk",
            "core_number" : "1",
            "created" : 1596709344,
            "firewall" : "off",
            "host" : 5201216131,
            "hostname" : "uploud-go-sdk-integration-test-testtemplatizeserverstorage.example.com",
            "ip_addresses" : {
               "ip_address" : [
                  {
                     "access" : "utility",
                     "address" : "10.6.6.222",
                     "family" : "IPv4"
                  },
                  {
                     "access" : "public",
                     "address" : "2a04:3545:1000:720:ec1b:dbff:feca:7ad8",
                     "family" : "IPv6"
                  },
                  {
                     "access" : "public",
                     "address" : "94.237.104.96",
                     "family" : "IPv4"
                  }
               ]
            },
            "license" : 0,
            "memory_amount" : "1024",
            "metadata" : "no",
            "networking" : {
               "interfaces" : {
                  "interface" : [
                     {
                        "bootable" : "no",
                        "index" : 1,
                        "ip_addresses" : {
                           "ip_address" : [
                              {
                                 "address" : "10.6.6.222",
                                 "family" : "IPv4",
                                 "floating" : "no"
                              }
                           ]
                        },
                        "mac" : "ee:1b:db:ca:ef:aa",
                        "network" : "03a002de-994e-45aa-9e1c-9918f0908c57",
                        "source_ip_filtering" : "yes",
                        "type" : "utility"
                     },
                     {
                        "bootable" : "no",
                        "index" : 2,
                        "ip_addresses" : {
                           "ip_address" : [
                              {
                                 "address" : "94.237.104.96",
                                 "family" : "IPv4",
                                 "floating" : "no"
                              }
                           ]
                        },
                        "mac" : "ee:1b:db:ca:08:45",
                        "network" : "031457f4-0f8c-483c-96f2-eccede02909c",
                        "source_ip_filtering" : "yes",
                        "type" : "public"
                     },
                     {
                        "bootable" : "no",
                        "index" : 3,
                        "ip_addresses" : {
                           "ip_address" : [
                              {
                                 "address" : "2a04:3545:1000:720:ec1b:dbff:feca:7ad8",
                                 "family" : "IPv6",
                                 "floating" : "no"
                              }
                           ]
                        },
                        "mac" : "ee:1b:db:ca:7a:d8",
                        "network" : "03000000-0000-4000-8046-000000000000",
                        "source_ip_filtering" : "yes",
                        "type" : "public"
                     }
                  ]
               }
            },
            "nic_model" : "virtio",
            "plan" : "custom",
            "plan_ipv4_bytes" : "0",
            "plan_ipv6_bytes" : "0",
            "remote_access_enabled" : "no",
            "remote_access_password" : "68Qft88T",
            "remote_access_type" : "vnc",
            "simple_backup" : "no",
            "state" : "started",
            "storage_devices" : {
               "storage_device" : [
                  {
                     "address" : "virtio:0",
                     "boot_disk" : "0",
                     "storage" : "01da0c28-fcd2-4d61-af9d-2b51e72ca707",
                     "storage_size" : 30,
                     "storage_title" : "disk1",
                     "type" : "disk"
                  }
               ]
            },
            "tags" : {
               "tag" : []
            },
            "timezone" : "UTC",
            "title" : "uploud-go-sdk-integration-test-TestTemplatizeServerStorage",
            "uuid" : "00349bdd-1583-4962-9f26-0e021e9a9019",
            "video_model" : "cirrus",
            "zone" : "fi-hel2"
         }
      }
    headers:
      Content-Length:
      - "3766"
      Content-Type:
      - application/json; charset=UTF-8
      Date:
      - Thu, 06 Aug 2020 10:23:02 GMT
      Server:
      - Apache
      Strict-Transport-Security:
      - max-age=63072000
    status: 200 OK
    code: 200
    duration: ""
- request:
    body: ""
    form: {}
    headers:
      Accept:
      - application/json
      Content-Type:
      - application/json
    url: https://api.upcloud.com/1.3/server/00349bdd-1583-4962-9f26-0e021e9a9019
    method: GET
  response:
    body: |
      {
         "server" : {
            "boot_order" : "disk",
            "core_number" : "1",
            "created" : 1596709344,
            "firewall" : "off",
            "host" : 5201216131,
            "hostname" : "uploud-go-sdk-integration-test-testtemplatizeserverstorage.example.com",
            "ip_addresses" : {
               "ip_address" : [
                  {
                     "access" : "utility",
                     "address" : "10.6.6.222",
                     "family" : "IPv4"
                  },
                  {
                     "access" : "public",
                     "address" : "2a04:3545:1000:720:ec1b:dbff:feca:7ad8",
                     "family" : "IPv6"
                  },
                  {
                     "access" : "public",
                     "address" : "94.237.104.96",
                     "family" : "IPv4"
                  }
               ]
            },
            "license" : 0,
            "memory_amount" : "1024",
            "metadata" : "no",
            "networking" : {
               "interfaces" : {
                  "interface" : [
                     {
                        "bootable" : "no",
                        "index" : 1,
                        "ip_addresses" : {
                           "ip_address" : [
                              {
                                 "address" : "10.6.6.222",
                                 "family" : "IPv4",
                                 "floating" : "no"
                              }
                           ]
                        },
                        "mac" : "ee:1b:db:ca:ef:aa",
                        "network" : "03a002de-994e-45aa-9e1c-9918f0908c57",
                        "source_ip_filtering" : "yes",
                        "type" : "utility"
                     },
                     {
                        "bootable" : "no",
                        "index" : 2,
                        "ip_addresses" : {
                           "ip_address" : [
                              {
                                 "address" : "94.237.104.96",
                                 "family" : "IPv4",
                                 "floating" : "no"
                              }
                           ]
                        },
                        "mac" : "ee:1b:db:ca:08:45",
                        "network" : "031457f4-0f8c-483c-96f2-eccede02909c",
                        "source_ip_filtering" : "yes",
                        "type" : "public"
                     },
                     {
                        "bootable" : "no",
                        "index" : 3,
                        "ip_addresses" : {
                           "ip_address" : [
                              {
                                 "address" : "2a04:3545:1000:720:ec1b:dbff:feca:7ad8",
                                 "family" : "IPv6",
                                 "floating" : "no"
                              }
                           ]
                        },
                        "mac" : "ee:1b:db:ca:7a:d8",
                        "network" : "03000000-0000-4000-8046-000000000000",
                        "source_ip_filtering" : "yes",
                        "type" : "public"
                     }
                  ]
               }
            },
            "nic_model" : "virtio",
            "plan" : "custom",
            "plan_ipv4_bytes" : "0",
            "plan_ipv6_bytes" : "0",
            "remote_access_enabled" : "no",
            "remote_access_password" : "68Qft88T",
            "remote_access_type" : "vnc",
            "simple_backup" : "no",
            "state" : "maintenance",
            "storage_devices" : {
               "storage_device" : [
                  {
                     "address" : "virtio:0",
                     "boot_disk" : "0",
                     "storage" : "01da0c28-fcd2-4d61-af9d-2b51e72ca707",
                     "storage_size" : 30,
                     "storage_title" : "disk1",
                     "type" : "disk"
                  }
               ]
            },
            "tags" : {
               "tag" : []
            },
            "timezone" : "UTC",
            "title" : "uploud-go-sdk-integration-test-TestTemplatizeServerStorage",
            "uuid" : "00349bdd-1583-4962-9f26-0e021e9a9019",
            "video_model" : "cirrus",
            "zone" : "fi-hel2"
         }
      }
    headers:
      Content-Length:
      - "3770"
      Content-Type:
      - application/json; charset=UTF-8
      Date:
      - Thu, 06 Aug 2020 10:23:08 GMT
      Server:
      - Apache
      Strict-Transport-Security:
      - max-age=63072000
    status: 200 OK
    code: 200
    duration: ""
- request:
    body: ""
    form: {}
    headers:
      Accept:
      - application/json
      Content-Type:
      - application/json
    url: https://api.upcloud.com/1.3/server/00349bdd-1583-4962-9f26-0e021e9a9019
    method: GET
  response:
    body: |
      {
         "server" : {
            "boot_order" : "disk",
            "core_number" : "1",
            "created" : 1596709344,
            "firewall" : "off",
            "host" : 5201216131,
            "hostname" : "uploud-go-sdk-integration-test-testtemplatizeserverstorage.example.com",
            "ip_addresses" : {
               "ip_address" : [
                  {
                     "access" : "utility",
                     "address" : "10.6.6.222",
                     "family" : "IPv4"
                  },
                  {
                     "access" : "public",
                     "address" : "2a04:3545:1000:720:ec1b:dbff:feca:7ad8",
                     "family" : "IPv6"
                  },
                  {
                     "access" : "public",
                     "address" : "94.237.104.96",
                     "family" : "IPv4"
                  }
               ]
            },
            "license" : 0,
            "memory_amount" : "1024",
            "metadata" : "no",
            "networking" : {
               "interfaces" : {
                  "interface" : [
                     {
                        "bootable" : "no",
                        "index" : 1,
                        "ip_addresses" : {
                           "ip_address" : [
                              {
                                 "address" : "10.6.6.222",
                                 "family" : "IPv4",
                                 "floating" : "no"
                              }
                           ]
                        },
                        "mac" : "ee:1b:db:ca:ef:aa",
                        "network" : "03a002de-994e-45aa-9e1c-9918f0908c57",
                        "source_ip_filtering" : "yes",
                        "type" : "utility"
                     },
                     {
                        "bootable" : "no",
                        "index" : 2,
                        "ip_addresses" : {
                           "ip_address" : [
                              {
                                 "address" : "94.237.104.96",
                                 "family" : "IPv4",
                                 "floating" : "no"
                              }
                           ]
                        },
                        "mac" : "ee:1b:db:ca:08:45",
                        "network" : "031457f4-0f8c-483c-96f2-eccede02909c",
                        "source_ip_filtering" : "yes",
                        "type" : "public"
                     },
                     {
                        "bootable" : "no",
                        "index" : 3,
                        "ip_addresses" : {
                           "ip_address" : [
                              {
                                 "address" : "2a04:3545:1000:720:ec1b:dbff:feca:7ad8",
                                 "family" : "IPv6",
                                 "floating" : "no"
                              }
                           ]
                        },
                        "mac" : "ee:1b:db:ca:7a:d8",
                        "network" : "03000000-0000-4000-8046-000000000000",
                        "source_ip_filtering" : "yes",
                        "type" : "public"
                     }
                  ]
               }
            },
            "nic_model" : "virtio",
            "plan" : "custom",
            "plan_ipv4_bytes" : "0",
            "plan_ipv6_bytes" : "0",
            "remote_access_enabled" : "no",
            "remote_access_password" : "68Qft88T",
            "remote_access_type" : "vnc",
            "simple_backup" : "no",
            "state" : "maintenance",
            "storage_devices" : {
               "storage_device" : [
                  {
                     "address" : "virtio:0",
                     "boot_disk" : "0",
                     "storage" : "01da0c28-fcd2-4d61-af9d-2b51e72ca707",
                     "storage_size" : 30,
                     "storage_title" : "disk1",
                     "type" : "disk"
                  }
               ]
            },
            "tags" : {
               "tag" : []
            },
            "timezone" : "UTC",
            "title" : "uploud-go-sdk-integration-test-TestTemplatizeServerStorage",
            "uuid" : "00349bdd-1583-4962-9f26-0e021e9a9019",
            "video_model" : "cirrus",
            "zone" : "fi-hel2"
         }
      }
    headers:
      Content-Length:
      - "3770"
      Content-Type:
      - application/json; charset=UTF-8
      Date:
      - Thu, 06 Aug 2020 10:23:13 GMT
      Server:
      - Apache
      Strict-Transport-Security:
      - max-age=63072000
    status: 200 OK
    code: 200
    duration: ""
- request:
    body: ""
    form: {}
    headers:
      Accept:
      - application/json
      Content-Type:
      - application/json
    url: https://api.upcloud.com/1.3/server/00349bdd-1583-4962-9f26-0e021e9a9019
    method: GET
  response:
    body: |
      {
         "server" : {
            "boot_order" : "disk",
            "core_number" : "1",
            "created" : 1596709344,
            "firewall" : "off",
            "hostname" : "uploud-go-sdk-integration-test-testtemplatizeserverstorage.example.com",
            "ip_addresses" : {
               "ip_address" : [
                  {
                     "access" : "utility",
                     "address" : "10.6.6.222",
                     "family" : "IPv4"
                  },
                  {
                     "access" : "public",
                     "address" : "2a04:3545:1000:720:ec1b:dbff:feca:7ad8",
                     "family" : "IPv6"
                  },
                  {
                     "access" : "public",
                     "address" : "94.237.104.96",
                     "family" : "IPv4"
                  }
               ]
            },
            "license" : 0,
            "memory_amount" : "1024",
            "metadata" : "no",
            "networking" : {
               "interfaces" : {
                  "interface" : [
                     {
                        "bootable" : "no",
                        "index" : 1,
                        "ip_addresses" : {
                           "ip_address" : [
                              {
                                 "address" : "10.6.6.222",
                                 "family" : "IPv4",
                                 "floating" : "no"
                              }
                           ]
                        },
                        "mac" : "ee:1b:db:ca:ef:aa",
                        "network" : "03a002de-994e-45aa-9e1c-9918f0908c57",
                        "source_ip_filtering" : "yes",
                        "type" : "utility"
                     },
                     {
                        "bootable" : "no",
                        "index" : 2,
                        "ip_addresses" : {
                           "ip_address" : [
                              {
                                 "address" : "94.237.104.96",
                                 "family" : "IPv4",
                                 "floating" : "no"
                              }
                           ]
                        },
                        "mac" : "ee:1b:db:ca:08:45",
                        "network" : "031457f4-0f8c-483c-96f2-eccede02909c",
                        "source_ip_filtering" : "yes",
                        "type" : "public"
                     },
                     {
                        "bootable" : "no",
                        "index" : 3,
                        "ip_addresses" : {
                           "ip_address" : [
                              {
                                 "address" : "2a04:3545:1000:720:ec1b:dbff:feca:7ad8",
                                 "family" : "IPv6",
                                 "floating" : "no"
                              }
                           ]
                        },
                        "mac" : "ee:1b:db:ca:7a:d8",
                        "network" : "03000000-0000-4000-8046-000000000000",
                        "source_ip_filtering" : "yes",
                        "type" : "public"
                     }
                  ]
               }
            },
            "nic_model" : "virtio",
            "plan" : "custom",
            "plan_ipv4_bytes" : "0",
            "plan_ipv6_bytes" : "0",
            "remote_access_enabled" : "no",
            "remote_access_password" : "68Qft88T",
            "remote_access_type" : "vnc",
            "simple_backup" : "no",
            "state" : "stopped",
            "storage_devices" : {
               "storage_device" : [
                  {
                     "address" : "virtio:0",
                     "boot_disk" : "0",
                     "storage" : "01da0c28-fcd2-4d61-af9d-2b51e72ca707",
                     "storage_size" : 30,
                     "storage_title" : "disk1",
                     "type" : "disk"
                  }
               ]
            },
            "tags" : {
               "tag" : []
            },
            "timezone" : "UTC",
            "title" : "uploud-go-sdk-integration-test-TestTemplatizeServerStorage",
            "uuid" : "00349bdd-1583-4962-9f26-0e021e9a9019",
            "video_model" : "cirrus",
            "zone" : "fi-hel2"
         }
      }
    headers:
      Content-Length:
      - "3739"
      Content-Type:
      - application/json; charset=UTF-8
      Date:
      - Thu, 06 Aug 2020 10:23:18 GMT
      Server:
      - Apache
      Strict-Transport-Security:
      - max-age=63072000
    status: 200 OK
    code: 200
    duration: ""
- request:
    body: ""
    form: {}
    headers:
      Accept:
      - application/json
      Content-Type:
      - application/json
    url: https://api.upcloud.com/1.3/server/00349bdd-1583-4962-9f26-0e021e9a9019
    method: GET
  response:
    body: |
      {
         "server" : {
            "boot_order" : "disk",
            "core_number" : "1",
            "created" : 1596709344,
            "firewall" : "off",
            "hostname" : "uploud-go-sdk-integration-test-testtemplatizeserverstorage.example.com",
            "ip_addresses" : {
               "ip_address" : [
                  {
                     "access" : "utility",
                     "address" : "10.6.6.222",
                     "family" : "IPv4"
                  },
                  {
                     "access" : "public",
                     "address" : "2a04:3545:1000:720:ec1b:dbff:feca:7ad8",
                     "family" : "IPv6"
                  },
                  {
                     "access" : "public",
                     "address" : "94.237.104.96",
                     "family" : "IPv4"
                  }
               ]
            },
            "license" : 0,
            "memory_amount" : "1024",
            "metadata" : "no",
            "networking" : {
               "interfaces" : {
                  "interface" : [
                     {
                        "bootable" : "no",
                        "index" : 1,
                        "ip_addresses" : {
                           "ip_address" : [
                              {
                                 "address" : "10.6.6.222",
                                 "family" : "IPv4",
                                 "floating" : "no"
                              }
                           ]
                        },
                        "mac" : "ee:1b:db:ca:ef:aa",
                        "network" : "03a002de-994e-45aa-9e1c-9918f0908c57",
                        "source_ip_filtering" : "yes",
                        "type" : "utility"
                     },
                     {
                        "bootable" : "no",
                        "index" : 2,
                        "ip_addresses" : {
                           "ip_address" : [
                              {
                                 "address" : "94.237.104.96",
                                 "family" : "IPv4",
                                 "floating" : "no"
                              }
                           ]
                        },
                        "mac" : "ee:1b:db:ca:08:45",
                        "network" : "031457f4-0f8c-483c-96f2-eccede02909c",
                        "source_ip_filtering" : "yes",
                        "type" : "public"
                     },
                     {
                        "bootable" : "no",
                        "index" : 3,
                        "ip_addresses" : {
                           "ip_address" : [
                              {
                                 "address" : "2a04:3545:1000:720:ec1b:dbff:feca:7ad8",
                                 "family" : "IPv6",
                                 "floating" : "no"
                              }
                           ]
                        },
                        "mac" : "ee:1b:db:ca:7a:d8",
                        "network" : "03000000-0000-4000-8046-000000000000",
                        "source_ip_filtering" : "yes",
                        "type" : "public"
                     }
                  ]
               }
            },
            "nic_model" : "virtio",
            "plan" : "custom",
            "plan_ipv4_bytes" : "0",
            "plan_ipv6_bytes" : "0",
            "remote_access_enabled" : "no",
            "remote_access_password" : "68Qft88T",
            "remote_access_type" : "vnc",
            "simple_backup" : "no",
            "state" : "stopped",
            "storage_devices" : {
               "storage_device" : [
                  {
                     "address" : "virtio:0",
                     "boot_disk" : "0",
                     "storage" : "01da0c28-fcd2-4d61-af9d-2b51e72ca707",
                     "storage_size" : 30,
                     "storage_title" : "disk1",
                     "type" : "disk"
                  }
               ]
            },
            "tags" : {
               "tag" : []
            },
            "timezone" : "UTC",
            "title" : "uploud-go-sdk-integration-test-TestTemplatizeServerStorage",
            "uuid" : "00349bdd-1583-4962-9f26-0e021e9a9019",
            "video_model" : "cirrus",
            "zone" : "fi-hel2"
         }
      }
    headers:
      Content-Length:
      - "3739"
      Content-Type:
      - application/json; charset=UTF-8
      Date:
      - Thu, 06 Aug 2020 10:23:18 GMT
      Server:
      - Apache
      Strict-Transport-Security:
      - max-age=63072000
    status: 200 OK
    code: 200
    duration: ""
- request:
    body: '{"storage":{"title":"Templatized storage"}}'
    form: {}
    headers:
      Accept:
      - application/json
      Content-Type:
      - application/json
    url: https://api.upcloud.com/1.3/storage/01da0c28-fcd2-4d61-af9d-2b51e72ca707/templatize
    method: POST
  response:
    body: |
      {
         "storage" : {
            "access" : "private",
            "license" : 0,
            "servers" : {
               "server" : []
            },
            "size" : 30,
            "state" : "maintenance",
            "tier" : "maxiops",
            "title" : "Templatized storage",
            "type" : "template",
            "uuid" : "0103dc59-a8e8-4948-89db-8d6209041921",
            "zone" : "fi-hel2"
         }
      }
    headers:
      Content-Length:
      - "349"
      Content-Type:
      - application/json; charset=UTF-8
      Date:
      - Thu, 06 Aug 2020 10:23:19 GMT
      Server:
      - Apache
      Strict-Transport-Security:
      - max-age=63072000
    status: 201 Created
    code: 201
    duration: ""
- request:
    body: ""
    form: {}
    headers:
      Accept:
      - application/json
      Content-Type:
      - application/json
    url: https://api.upcloud.com/1.3/storage/0103dc59-a8e8-4948-89db-8d6209041921
    method: GET
  response:
    body: |
      {
         "storage" : {
            "access" : "private",
            "license" : 0,
            "servers" : {
               "server" : []
            },
            "size" : 30,
            "state" : "maintenance",
            "tier" : "maxiops",
            "title" : "Templatized storage",
            "type" : "template",
            "uuid" : "0103dc59-a8e8-4948-89db-8d6209041921",
            "zone" : "fi-hel2"
         }
      }
    headers:
      Content-Length:
      - "349"
      Content-Type:
      - application/json; charset=UTF-8
      Date:
      - Thu, 06 Aug 2020 10:23:19 GMT
      Server:
      - Apache
      Strict-Transport-Security:
      - max-age=63072000
    status: 200 OK
    code: 200
    duration: ""
- request:
    body: ""
    form: {}
    headers:
      Accept:
      - application/json
      Content-Type:
      - application/json
    url: https://api.upcloud.com/1.3/storage/0103dc59-a8e8-4948-89db-8d6209041921
    method: GET
  response:
    body: |
      {
         "storage" : {
            "access" : "private",
            "license" : 0,
            "servers" : {
               "server" : []
            },
            "size" : 30,
            "state" : "maintenance",
            "tier" : "maxiops",
            "title" : "Templatized storage",
            "type" : "template",
            "uuid" : "0103dc59-a8e8-4948-89db-8d6209041921",
            "zone" : "fi-hel2"
         }
      }
    headers:
      Content-Length:
      - "349"
      Content-Type:
      - application/json; charset=UTF-8
      Date:
      - Thu, 06 Aug 2020 10:23:24 GMT
      Server:
      - Apache
      Strict-Transport-Security:
      - max-age=63072000
    status: 200 OK
    code: 200
    duration: ""
- request:
    body: ""
    form: {}
    headers:
      Accept:
      - application/json
      Content-Type:
      - application/json
    url: https://api.upcloud.com/1.3/storage/0103dc59-a8e8-4948-89db-8d6209041921
    method: GET
  response:
    body: |
      {
         "storage" : {
            "access" : "private",
            "license" : 0,
            "servers" : {
               "server" : []
            },
            "size" : 30,
            "state" : "maintenance",
            "tier" : "maxiops",
            "title" : "Templatized storage",
            "type" : "template",
            "uuid" : "0103dc59-a8e8-4948-89db-8d6209041921",
            "zone" : "fi-hel2"
         }
      }
    headers:
      Content-Length:
      - "349"
      Content-Type:
      - application/json; charset=UTF-8
      Date:
      - Thu, 06 Aug 2020 10:23:29 GMT
      Server:
      - Apache
      Strict-Transport-Security:
      - max-age=63072000
    status: 200 OK
    code: 200
    duration: ""
- request:
    body: ""
    form: {}
    headers:
      Accept:
      - application/json
      Content-Type:
      - application/json
    url: https://api.upcloud.com/1.3/storage/0103dc59-a8e8-4948-89db-8d6209041921
    method: GET
  response:
    body: |
      {
         "storage" : {
            "access" : "private",
            "license" : 0,
            "servers" : {
               "server" : []
            },
            "size" : 30,
            "state" : "maintenance",
            "tier" : "maxiops",
            "title" : "Templatized storage",
            "type" : "template",
            "uuid" : "0103dc59-a8e8-4948-89db-8d6209041921",
            "zone" : "fi-hel2"
         }
      }
    headers:
      Content-Length:
      - "349"
      Content-Type:
      - application/json; charset=UTF-8
      Date:
      - Thu, 06 Aug 2020 10:23:35 GMT
      Server:
      - Apache
      Strict-Transport-Security:
      - max-age=63072000
    status: 200 OK
    code: 200
    duration: ""
- request:
    body: ""
    form: {}
    headers:
      Accept:
      - application/json
      Content-Type:
      - application/json
    url: https://api.upcloud.com/1.3/storage/0103dc59-a8e8-4948-89db-8d6209041921
    method: GET
  response:
    body: |
      {
         "storage" : {
            "access" : "private",
            "license" : 0,
            "servers" : {
               "server" : []
            },
            "size" : 30,
            "state" : "online",
            "tier" : "maxiops",
            "title" : "Templatized storage",
            "type" : "template",
            "uuid" : "0103dc59-a8e8-4948-89db-8d6209041921",
            "zone" : "fi-hel2"
         }
      }
    headers:
      Content-Length:
      - "344"
      Content-Type:
      - application/json; charset=UTF-8
      Date:
      - Thu, 06 Aug 2020 10:23:40 GMT
      Server:
      - Apache
      Strict-Transport-Security:
      - max-age=63072000
    status: 200 OK
    code: 200
    duration: ""
