---
version: 1
interactions:
- request:
    body: '{"server":{"hostname":"uploud-go-sdk-integration-test-testtemplatizeserverstorage.example.com","ip_addresses":{"ip_address":[{"access":"private","family":"IPv4"},{"access":"public","family":"IPv4"},{"access":"public","family":"IPv6"}]},"password_delivery":"none","storage_devices":{"storage_device":[{"action":"clone","storage":"01000000-0000-4000-8000-000030060200","title":"disk1","size":30,"tier":"maxiops"}]},"title":"uploud-go-sdk-integration-test-TestTemplatizeServerStorage","zone":"fi-hel2"}}'
    form: {}
    headers:
      Accept:
      - application/json
      Content-Type:
      - application/json
    url: https://api.upcloud.com/1.2/server
    method: POST
  response:
    body: |
      {
         "server" : {
            "boot_order" : "disk",
            "core_number" : "1",
            "created" : 1596472482,
            "firewall" : "off",
            "hostname" : "uploud-go-sdk-integration-test-testtemplatizeserverstorage.example.com",
            "ip_addresses" : {
               "ip_address" : [
                  {
                     "access" : "private",
                     "address" : "10.6.6.220",
                     "family" : "IPv4"
                  },
                  {
                     "access" : "public",
                     "address" : "2a04:3545:1000:720:ec1b:dbff:feca:5228",
                     "family" : "IPv6"
                  },
                  {
                     "access" : "public",
                     "address" : "94.237.104.82",
                     "family" : "IPv4"
                  }
               ]
            },
            "license" : 0,
            "memory_amount" : "1024",
            "metadata" : "no",
            "nic_model" : "virtio",
            "password" : "a3ar89f6",
            "plan" : "custom",
            "plan_ipv4_bytes" : "0",
            "plan_ipv6_bytes" : "0",
            "progress" : "0",
            "state" : "maintenance",
            "storage_devices" : {
               "storage_device" : [
                  {
                     "address" : "virtio:0",
                     "boot_disk" : "0",
                     "storage" : "0112dd91-5764-4e5f-9c3e-43f559d3bb57",
                     "storage_size" : 30,
                     "storage_title" : "disk1",
                     "type" : "disk"
                  }
               ]
            },
            "tags" : {
               "tag" : []
            },
            "timezone" : "UTC",
            "title" : "uploud-go-sdk-integration-test-TestTemplatizeServerStorage",
            "username" : "root",
            "uuid" : "00af9c94-b1a3-4b3f-9112-51a110b7f288",
            "video_model" : "cirrus",
            "vnc" : "off",
            "vnc_password" : "eUM45Nw4",
            "zone" : "fi-hel2"
         }
      }
    headers:
      Content-Length:
      - "1730"
      Content-Type:
      - application/json; charset=UTF-8
      Date:
      - Mon, 03 Aug 2020 16:34:42 GMT
      Server:
      - Apache
      Strict-Transport-Security:
      - max-age=63072000
    status: 202 Accepted
    code: 202
    duration: ""
- request:
    body: ""
    form: {}
    headers:
      Accept:
      - application/json
      Content-Type:
      - application/json
    url: https://api.upcloud.com/1.2/server/00af9c94-b1a3-4b3f-9112-51a110b7f288
    method: GET
  response:
    body: |
      {
         "server" : {
            "boot_order" : "disk",
            "core_number" : "1",
            "created" : 1596472482,
            "firewall" : "off",
            "hostname" : "uploud-go-sdk-integration-test-testtemplatizeserverstorage.example.com",
            "ip_addresses" : {
               "ip_address" : [
                  {
                     "access" : "private",
                     "address" : "10.6.6.220",
                     "family" : "IPv4"
                  },
                  {
                     "access" : "public",
                     "address" : "2a04:3545:1000:720:ec1b:dbff:feca:5228",
                     "family" : "IPv6"
                  },
                  {
                     "access" : "public",
                     "address" : "94.237.104.82",
                     "family" : "IPv4"
                  }
               ]
            },
            "license" : 0,
            "memory_amount" : "1024",
            "metadata" : "no",
            "nic_model" : "virtio",
            "plan" : "custom",
            "plan_ipv4_bytes" : "0",
            "plan_ipv6_bytes" : "0",
            "progress" : "85",
            "state" : "maintenance",
            "storage_devices" : {
               "storage_device" : [
                  {
                     "address" : "virtio:0",
                     "boot_disk" : "0",
                     "storage" : "0112dd91-5764-4e5f-9c3e-43f559d3bb57",
                     "storage_size" : 30,
                     "storage_title" : "disk1",
                     "type" : "disk"
                  }
               ]
            },
            "tags" : {
               "tag" : []
            },
            "timezone" : "UTC",
            "title" : "uploud-go-sdk-integration-test-TestTemplatizeServerStorage",
            "uuid" : "00af9c94-b1a3-4b3f-9112-51a110b7f288",
            "video_model" : "cirrus",
            "vnc" : "off",
            "vnc_password" : "eUM45Nw4",
            "zone" : "fi-hel2"
         }
      }
    headers:
      Content-Length:
      - "1673"
      Content-Type:
      - application/json; charset=UTF-8
      Date:
      - Mon, 03 Aug 2020 16:34:48 GMT
      Server:
      - Apache
      Strict-Transport-Security:
      - max-age=63072000
    status: 200 OK
    code: 200
    duration: ""
- request:
    body: ""
    form: {}
    headers:
      Accept:
      - application/json
      Content-Type:
      - application/json
    url: https://api.upcloud.com/1.2/server/00af9c94-b1a3-4b3f-9112-51a110b7f288
    method: GET
  response:
    body: |
      {
         "server" : {
            "boot_order" : "disk",
            "core_number" : "1",
            "created" : 1596472482,
            "firewall" : "off",
            "hostname" : "uploud-go-sdk-integration-test-testtemplatizeserverstorage.example.com",
            "ip_addresses" : {
               "ip_address" : [
                  {
                     "access" : "private",
                     "address" : "10.6.6.220",
                     "family" : "IPv4"
                  },
                  {
                     "access" : "public",
                     "address" : "2a04:3545:1000:720:ec1b:dbff:feca:5228",
                     "family" : "IPv6"
                  },
                  {
                     "access" : "public",
                     "address" : "94.237.104.82",
                     "family" : "IPv4"
                  }
               ]
            },
            "license" : 0,
            "memory_amount" : "1024",
            "metadata" : "no",
            "nic_model" : "virtio",
            "plan" : "custom",
            "plan_ipv4_bytes" : "0",
            "plan_ipv6_bytes" : "0",
            "state" : "maintenance",
            "storage_devices" : {
               "storage_device" : [
                  {
                     "address" : "virtio:0",
                     "boot_disk" : "0",
                     "storage" : "0112dd91-5764-4e5f-9c3e-43f559d3bb57",
                     "storage_size" : 30,
                     "storage_title" : "disk1",
                     "type" : "disk"
                  }
               ]
            },
            "tags" : {
               "tag" : []
            },
            "timezone" : "UTC",
            "title" : "uploud-go-sdk-integration-test-TestTemplatizeServerStorage",
            "uuid" : "00af9c94-b1a3-4b3f-9112-51a110b7f288",
            "video_model" : "cirrus",
            "vnc" : "off",
            "vnc_password" : "eUM45Nw4",
            "zone" : "fi-hel2"
         }
      }
    headers:
      Content-Length:
      - "1648"
      Content-Type:
      - application/json; charset=UTF-8
      Date:
      - Mon, 03 Aug 2020 16:34:53 GMT
      Server:
      - Apache
      Strict-Transport-Security:
      - max-age=63072000
    status: 200 OK
    code: 200
    duration: ""
- request:
    body: ""
    form: {}
    headers:
      Accept:
      - application/json
      Content-Type:
      - application/json
    url: https://api.upcloud.com/1.2/server/00af9c94-b1a3-4b3f-9112-51a110b7f288
    method: GET
  response:
    body: |
      {
         "server" : {
            "boot_order" : "disk",
            "core_number" : "1",
            "created" : 1596472482,
            "firewall" : "off",
            "hostname" : "uploud-go-sdk-integration-test-testtemplatizeserverstorage.example.com",
            "ip_addresses" : {
               "ip_address" : [
                  {
                     "access" : "private",
                     "address" : "10.6.6.220",
                     "family" : "IPv4"
                  },
                  {
                     "access" : "public",
                     "address" : "2a04:3545:1000:720:ec1b:dbff:feca:5228",
                     "family" : "IPv6"
                  },
                  {
                     "access" : "public",
                     "address" : "94.237.104.82",
                     "family" : "IPv4"
                  }
               ]
            },
            "license" : 0,
            "memory_amount" : "1024",
            "metadata" : "no",
            "nic_model" : "virtio",
            "plan" : "custom",
            "plan_ipv4_bytes" : "0",
            "plan_ipv6_bytes" : "0",
            "state" : "maintenance",
            "storage_devices" : {
               "storage_device" : [
                  {
                     "address" : "virtio:0",
                     "boot_disk" : "0",
                     "storage" : "0112dd91-5764-4e5f-9c3e-43f559d3bb57",
                     "storage_size" : 30,
                     "storage_title" : "disk1",
                     "type" : "disk"
                  }
               ]
            },
            "tags" : {
               "tag" : []
            },
            "timezone" : "UTC",
            "title" : "uploud-go-sdk-integration-test-TestTemplatizeServerStorage",
            "uuid" : "00af9c94-b1a3-4b3f-9112-51a110b7f288",
            "video_model" : "cirrus",
            "vnc" : "off",
            "vnc_password" : "eUM45Nw4",
            "zone" : "fi-hel2"
         }
      }
    headers:
      Content-Length:
      - "1648"
      Content-Type:
      - application/json; charset=UTF-8
      Date:
      - Mon, 03 Aug 2020 16:34:58 GMT
      Server:
      - Apache
      Strict-Transport-Security:
      - max-age=63072000
    status: 200 OK
    code: 200
    duration: ""
- request:
    body: ""
    form: {}
    headers:
      Accept:
      - application/json
      Content-Type:
      - application/json
    url: https://api.upcloud.com/1.2/server/00af9c94-b1a3-4b3f-9112-51a110b7f288
    method: GET
  response:
    body: |
      {
         "server" : {
            "boot_order" : "disk",
            "core_number" : "1",
            "created" : 1596472482,
            "firewall" : "off",
            "host" : 7617135235,
            "hostname" : "uploud-go-sdk-integration-test-testtemplatizeserverstorage.example.com",
            "ip_addresses" : {
               "ip_address" : [
                  {
                     "access" : "private",
                     "address" : "10.6.6.220",
                     "family" : "IPv4"
                  },
                  {
                     "access" : "public",
                     "address" : "2a04:3545:1000:720:ec1b:dbff:feca:5228",
                     "family" : "IPv6"
                  },
                  {
                     "access" : "public",
                     "address" : "94.237.104.82",
                     "family" : "IPv4"
                  }
               ]
            },
            "license" : 0,
            "memory_amount" : "1024",
            "metadata" : "no",
            "nic_model" : "virtio",
            "plan" : "custom",
            "plan_ipv4_bytes" : "0",
            "plan_ipv6_bytes" : "0",
            "state" : "started",
            "storage_devices" : {
               "storage_device" : [
                  {
                     "address" : "virtio:0",
                     "boot_disk" : "0",
                     "storage" : "0112dd91-5764-4e5f-9c3e-43f559d3bb57",
                     "storage_size" : 30,
                     "storage_title" : "disk1",
                     "type" : "disk"
                  }
               ]
            },
            "tags" : {
               "tag" : []
            },
            "timezone" : "UTC",
            "title" : "uploud-go-sdk-integration-test-TestTemplatizeServerStorage",
            "uuid" : "00af9c94-b1a3-4b3f-9112-51a110b7f288",
            "video_model" : "cirrus",
            "vnc" : "off",
            "vnc_password" : "eUM45Nw4",
            "zone" : "fi-hel2"
         }
      }
    headers:
      Content-Length:
      - "1671"
      Content-Type:
      - application/json; charset=UTF-8
      Date:
      - Mon, 03 Aug 2020 16:35:04 GMT
      Server:
      - Apache
      Strict-Transport-Security:
      - max-age=63072000
    status: 200 OK
    code: 200
    duration: ""
- request:
    body: '{"stop_server":{"stop_type":"hard","timeout":"900"}}'
    form: {}
    headers:
      Accept:
      - application/json
      Content-Type:
      - application/json
    url: https://api.upcloud.com/1.2/server/00af9c94-b1a3-4b3f-9112-51a110b7f288/stop
    method: POST
  response:
    body: |
      {
         "server" : {
            "boot_order" : "disk",
            "core_number" : "1",
            "created" : 1596472482,
            "firewall" : "off",
            "host" : 7617135235,
            "hostname" : "uploud-go-sdk-integration-test-testtemplatizeserverstorage.example.com",
            "ip_addresses" : {
               "ip_address" : [
                  {
                     "access" : "private",
                     "address" : "10.6.6.220",
                     "family" : "IPv4"
                  },
                  {
                     "access" : "public",
                     "address" : "2a04:3545:1000:720:ec1b:dbff:feca:5228",
                     "family" : "IPv6"
                  },
                  {
                     "access" : "public",
                     "address" : "94.237.104.82",
                     "family" : "IPv4"
                  }
               ]
            },
            "license" : 0,
            "memory_amount" : "1024",
            "metadata" : "no",
            "nic_model" : "virtio",
            "plan" : "custom",
            "plan_ipv4_bytes" : "0",
            "plan_ipv6_bytes" : "0",
            "state" : "started",
            "storage_devices" : {
               "storage_device" : [
                  {
                     "address" : "virtio:0",
                     "boot_disk" : "0",
                     "storage" : "0112dd91-5764-4e5f-9c3e-43f559d3bb57",
                     "storage_size" : 30,
                     "storage_title" : "disk1",
                     "type" : "disk"
                  }
               ]
            },
            "tags" : {
               "tag" : []
            },
            "timezone" : "UTC",
            "title" : "uploud-go-sdk-integration-test-TestTemplatizeServerStorage",
            "uuid" : "00af9c94-b1a3-4b3f-9112-51a110b7f288",
            "video_model" : "cirrus",
            "vnc" : "off",
            "vnc_password" : "eUM45Nw4",
            "zone" : "fi-hel2"
         }
      }
    headers:
      Content-Length:
      - "1671"
      Content-Type:
      - application/json; charset=UTF-8
      Date:
      - Mon, 03 Aug 2020 16:35:04 GMT
      Server:
      - Apache
      Strict-Transport-Security:
      - max-age=63072000
    status: 200 OK
    code: 200
    duration: ""
- request:
    body: ""
    form: {}
    headers:
      Accept:
      - application/json
      Content-Type:
      - application/json
    url: https://api.upcloud.com/1.2/server/00af9c94-b1a3-4b3f-9112-51a110b7f288
    method: GET
  response:
    body: |
      {
         "server" : {
            "boot_order" : "disk",
            "core_number" : "1",
            "created" : 1596472482,
            "firewall" : "off",
            "host" : 7617135235,
            "hostname" : "uploud-go-sdk-integration-test-testtemplatizeserverstorage.example.com",
            "ip_addresses" : {
               "ip_address" : [
                  {
                     "access" : "private",
                     "address" : "10.6.6.220",
                     "family" : "IPv4"
                  },
                  {
                     "access" : "public",
                     "address" : "2a04:3545:1000:720:ec1b:dbff:feca:5228",
                     "family" : "IPv6"
                  },
                  {
                     "access" : "public",
                     "address" : "94.237.104.82",
                     "family" : "IPv4"
                  }
               ]
            },
            "license" : 0,
            "memory_amount" : "1024",
            "metadata" : "no",
            "nic_model" : "virtio",
            "plan" : "custom",
            "plan_ipv4_bytes" : "0",
            "plan_ipv6_bytes" : "0",
            "state" : "maintenance",
            "storage_devices" : {
               "storage_device" : [
                  {
                     "address" : "virtio:0",
                     "boot_disk" : "0",
                     "storage" : "0112dd91-5764-4e5f-9c3e-43f559d3bb57",
                     "storage_size" : 30,
                     "storage_title" : "disk1",
                     "type" : "disk"
                  }
               ]
            },
            "tags" : {
               "tag" : []
            },
            "timezone" : "UTC",
            "title" : "uploud-go-sdk-integration-test-TestTemplatizeServerStorage",
            "uuid" : "00af9c94-b1a3-4b3f-9112-51a110b7f288",
            "video_model" : "cirrus",
            "vnc" : "off",
            "vnc_password" : "eUM45Nw4",
            "zone" : "fi-hel2"
         }
      }
    headers:
      Content-Length:
      - "1675"
      Content-Type:
      - application/json; charset=UTF-8
      Date:
      - Mon, 03 Aug 2020 16:35:09 GMT
      Server:
      - Apache
      Strict-Transport-Security:
      - max-age=63072000
    status: 200 OK
    code: 200
    duration: ""
- request:
    body: ""
    form: {}
    headers:
      Accept:
      - application/json
      Content-Type:
      - application/json
    url: https://api.upcloud.com/1.2/server/00af9c94-b1a3-4b3f-9112-51a110b7f288
    method: GET
  response:
    body: |
      {
         "server" : {
            "boot_order" : "disk",
            "core_number" : "1",
            "created" : 1596472482,
            "firewall" : "off",
            "hostname" : "uploud-go-sdk-integration-test-testtemplatizeserverstorage.example.com",
            "ip_addresses" : {
               "ip_address" : [
                  {
                     "access" : "private",
                     "address" : "10.6.6.220",
                     "family" : "IPv4"
                  },
                  {
                     "access" : "public",
                     "address" : "2a04:3545:1000:720:ec1b:dbff:feca:5228",
                     "family" : "IPv6"
                  },
                  {
                     "access" : "public",
                     "address" : "94.237.104.82",
                     "family" : "IPv4"
                  }
               ]
            },
            "license" : 0,
            "memory_amount" : "1024",
            "metadata" : "no",
            "nic_model" : "virtio",
            "plan" : "custom",
            "plan_ipv4_bytes" : "0",
            "plan_ipv6_bytes" : "0",
            "state" : "stopped",
            "storage_devices" : {
               "storage_device" : [
                  {
                     "address" : "virtio:0",
                     "boot_disk" : "0",
                     "storage" : "0112dd91-5764-4e5f-9c3e-43f559d3bb57",
                     "storage_size" : 30,
                     "storage_title" : "disk1",
                     "type" : "disk"
                  }
               ]
            },
            "tags" : {
               "tag" : []
            },
            "timezone" : "UTC",
            "title" : "uploud-go-sdk-integration-test-TestTemplatizeServerStorage",
            "uuid" : "00af9c94-b1a3-4b3f-9112-51a110b7f288",
            "video_model" : "cirrus",
            "vnc" : "off",
            "vnc_password" : "eUM45Nw4",
            "zone" : "fi-hel2"
         }
      }
    headers:
      Content-Length:
      - "1644"
      Content-Type:
      - application/json; charset=UTF-8
      Date:
      - Mon, 03 Aug 2020 16:35:14 GMT
      Server:
      - Apache
      Strict-Transport-Security:
      - max-age=63072000
    status: 200 OK
    code: 200
    duration: ""
- request:
    body: ""
    form: {}
    headers:
      Accept:
      - application/json
      Content-Type:
      - application/json
    url: https://api.upcloud.com/1.2/server/00af9c94-b1a3-4b3f-9112-51a110b7f288
    method: GET
  response:
    body: |
      {
         "server" : {
            "boot_order" : "disk",
            "core_number" : "1",
            "created" : 1596472482,
            "firewall" : "off",
            "hostname" : "uploud-go-sdk-integration-test-testtemplatizeserverstorage.example.com",
            "ip_addresses" : {
               "ip_address" : [
                  {
                     "access" : "private",
                     "address" : "10.6.6.220",
                     "family" : "IPv4"
                  },
                  {
                     "access" : "public",
                     "address" : "2a04:3545:1000:720:ec1b:dbff:feca:5228",
                     "family" : "IPv6"
                  },
                  {
                     "access" : "public",
                     "address" : "94.237.104.82",
                     "family" : "IPv4"
                  }
               ]
            },
            "license" : 0,
            "memory_amount" : "1024",
            "metadata" : "no",
            "nic_model" : "virtio",
            "plan" : "custom",
            "plan_ipv4_bytes" : "0",
            "plan_ipv6_bytes" : "0",
            "state" : "stopped",
            "storage_devices" : {
               "storage_device" : [
                  {
                     "address" : "virtio:0",
                     "boot_disk" : "0",
                     "storage" : "0112dd91-5764-4e5f-9c3e-43f559d3bb57",
                     "storage_size" : 30,
                     "storage_title" : "disk1",
                     "type" : "disk"
                  }
               ]
            },
            "tags" : {
               "tag" : []
            },
            "timezone" : "UTC",
            "title" : "uploud-go-sdk-integration-test-TestTemplatizeServerStorage",
            "uuid" : "00af9c94-b1a3-4b3f-9112-51a110b7f288",
            "video_model" : "cirrus",
            "vnc" : "off",
            "vnc_password" : "eUM45Nw4",
            "zone" : "fi-hel2"
         }
      }
    headers:
      Content-Length:
      - "1644"
      Content-Type:
      - application/json; charset=UTF-8
      Date:
      - Mon, 03 Aug 2020 16:35:14 GMT
      Server:
      - Apache
      Strict-Transport-Security:
      - max-age=63072000
    status: 200 OK
    code: 200
    duration: ""
- request:
    body: <storage><title>Templatized storage</title></storage>
    form: {}
    headers:
      Accept:
      - application/xml
      Content-Type:
      - application/xml
    url: https://api.upcloud.com/1.2/storage/0112dd91-5764-4e5f-9c3e-43f559d3bb57/templatize
    method: POST
  response:
    body: |
      <?xml version="1.0" encoding="utf-8"?>
      <storage>
        <access>private</access>
        <license>0</license>
        <servers>
        </servers>
        <size>30</size>
        <state>maintenance</state>
        <tier>maxiops</tier>
        <title>Templatized storage</title>
        <type>template</type>
        <uuid>0180a4d0-e19f-4ade-b653-ef88106f7143</uuid>
        <zone>fi-hel2</zone>
      </storage>
    headers:
      Content-Length:
      - "341"
      Content-Type:
      - application/xml; charset=UTF-8
      Date:
      - Mon, 03 Aug 2020 16:35:15 GMT
      Server:
      - Apache
      Strict-Transport-Security:
      - max-age=63072000
    status: 201 Created
    code: 201
    duration: ""
- request:
    body: ""
    form: {}
    headers:
      Accept:
      - application/xml
      Content-Type:
      - application/xml
    url: https://api.upcloud.com/1.2/storage/0180a4d0-e19f-4ade-b653-ef88106f7143
    method: GET
  response:
    body: |
      <?xml version="1.0" encoding="utf-8"?>
      <storage>
        <access>private</access>
        <license>0</license>
        <servers>
        </servers>
        <size>30</size>
        <state>maintenance</state>
        <tier>maxiops</tier>
        <title>Templatized storage</title>
        <type>template</type>
        <uuid>0180a4d0-e19f-4ade-b653-ef88106f7143</uuid>
        <zone>fi-hel2</zone>
      </storage>
    headers:
      Content-Length:
      - "341"
      Content-Type:
      - application/xml; charset=UTF-8
      Date:
      - Mon, 03 Aug 2020 16:35:15 GMT
      Server:
      - Apache
      Strict-Transport-Security:
      - max-age=63072000
    status: 200 OK
    code: 200
    duration: ""
- request:
    body: ""
    form: {}
    headers:
      Accept:
      - application/xml
      Content-Type:
      - application/xml
    url: https://api.upcloud.com/1.2/storage/0180a4d0-e19f-4ade-b653-ef88106f7143
    method: GET
  response:
    body: |
      <?xml version="1.0" encoding="utf-8"?>
      <storage>
        <access>private</access>
        <license>0</license>
        <servers>
        </servers>
        <size>30</size>
        <state>maintenance</state>
        <tier>maxiops</tier>
        <title>Templatized storage</title>
        <type>template</type>
        <uuid>0180a4d0-e19f-4ade-b653-ef88106f7143</uuid>
        <zone>fi-hel2</zone>
      </storage>
    headers:
      Content-Length:
      - "341"
      Content-Type:
      - application/xml; charset=UTF-8
      Date:
      - Mon, 03 Aug 2020 16:35:20 GMT
      Server:
      - Apache
      Strict-Transport-Security:
      - max-age=63072000
    status: 200 OK
    code: 200
    duration: ""
- request:
    body: ""
    form: {}
    headers:
      Accept:
      - application/xml
      Content-Type:
      - application/xml
    url: https://api.upcloud.com/1.2/storage/0180a4d0-e19f-4ade-b653-ef88106f7143
    method: GET
  response:
    body: |
      <?xml version="1.0" encoding="utf-8"?>
      <storage>
        <access>private</access>
        <license>0</license>
        <servers>
        </servers>
        <size>30</size>
        <state>maintenance</state>
        <tier>maxiops</tier>
        <title>Templatized storage</title>
        <type>template</type>
        <uuid>0180a4d0-e19f-4ade-b653-ef88106f7143</uuid>
        <zone>fi-hel2</zone>
      </storage>
    headers:
      Content-Length:
      - "341"
      Content-Type:
      - application/xml; charset=UTF-8
      Date:
      - Mon, 03 Aug 2020 16:35:25 GMT
      Server:
      - Apache
      Strict-Transport-Security:
      - max-age=63072000
    status: 200 OK
    code: 200
    duration: ""
- request:
    body: ""
    form: {}
    headers:
      Accept:
      - application/xml
      Content-Type:
      - application/xml
    url: https://api.upcloud.com/1.2/storage/0180a4d0-e19f-4ade-b653-ef88106f7143
    method: GET
  response:
    body: |
      <?xml version="1.0" encoding="utf-8"?>
      <storage>
        <access>private</access>
        <license>0</license>
        <servers>
        </servers>
        <size>30</size>
        <state>maintenance</state>
        <tier>maxiops</tier>
        <title>Templatized storage</title>
        <type>template</type>
        <uuid>0180a4d0-e19f-4ade-b653-ef88106f7143</uuid>
        <zone>fi-hel2</zone>
      </storage>
    headers:
      Content-Length:
      - "341"
      Content-Type:
      - application/xml; charset=UTF-8
      Date:
      - Mon, 03 Aug 2020 16:35:31 GMT
      Server:
      - Apache
      Strict-Transport-Security:
      - max-age=63072000
    status: 200 OK
    code: 200
    duration: ""
- request:
    body: ""
    form: {}
    headers:
      Accept:
      - application/xml
      Content-Type:
      - application/xml
    url: https://api.upcloud.com/1.2/storage/0180a4d0-e19f-4ade-b653-ef88106f7143
    method: GET
  response:
    body: |
      <?xml version="1.0" encoding="utf-8"?>
      <storage>
        <access>private</access>
        <license>0</license>
        <servers>
        </servers>
        <size>30</size>
        <state>online</state>
        <tier>maxiops</tier>
        <title>Templatized storage</title>
        <type>template</type>
        <uuid>0180a4d0-e19f-4ade-b653-ef88106f7143</uuid>
        <zone>fi-hel2</zone>
      </storage>
    headers:
      Content-Length:
      - "336"
      Content-Type:
      - application/xml; charset=UTF-8
      Date:
      - Mon, 03 Aug 2020 16:35:36 GMT
      Server:
      - Apache
      Strict-Transport-Security:
      - max-age=63072000
    status: 200 OK
    code: 200
    duration: ""
